../Drivers/CMSIS/Include/core_cm4.h:1933:34:__NVIC_SystemReset	4	static,ignoring_inline_asm
../Middlewares/ST/STM32_USB_Device_Library/Class/DFU/Src/usbd_dfu.c:254:16:USBD_DFU_Init	24	static
../Middlewares/ST/STM32_USB_Device_Library/Class/DFU/Src/usbd_dfu.c:302:16:USBD_DFU_DeInit	24	static
../Middlewares/ST/STM32_USB_Device_Library/Class/DFU/Src/usbd_dfu.c:335:16:USBD_DFU_Setup	40	static
../Middlewares/ST/STM32_USB_Device_Library/Class/DFU/Src/usbd_dfu.c:473:17:USBD_DFU_GetCfgDesc	16	static
../Middlewares/ST/STM32_USB_Device_Library/Class/DFU/Src/usbd_dfu.c:487:16:USBD_DFU_EP0_RxReady	16	static
../Middlewares/ST/STM32_USB_Device_Library/Class/DFU/Src/usbd_dfu.c:499:17:USBD_DFU_EP0_TxReady	40	static
../Middlewares/ST/STM32_USB_Device_Library/Class/DFU/Src/usbd_dfu.c:606:16:USBD_DFU_SOF	16	static
../Middlewares/ST/STM32_USB_Device_Library/Class/DFU/Src/usbd_dfu.c:620:17:USBD_DFU_GetDeviceQualifierDesc	16	static
../Middlewares/ST/STM32_USB_Device_Library/Class/DFU/Src/usbd_dfu.c:636:17:USBD_DFU_GetUsrStringDesc	32	static
../Middlewares/ST/STM32_USB_Device_Library/Class/DFU/Src/usbd_dfu.c:660:9:USBD_DFU_RegisterMedia	16	static
../Middlewares/ST/STM32_USB_Device_Library/Class/DFU/Src/usbd_dfu.c:683:13:DFU_Detach	24	static
../Middlewares/ST/STM32_USB_Device_Library/Class/DFU/Src/usbd_dfu.c:731:13:DFU_Download	24	static
../Middlewares/ST/STM32_USB_Device_Library/Class/DFU/Src/usbd_dfu.c:791:13:DFU_Upload	32	static
../Middlewares/ST/STM32_USB_Device_Library/Class/DFU/Src/usbd_dfu.c:889:13:DFU_GetStatus	24	static
../Middlewares/ST/STM32_USB_Device_Library/Class/DFU/Src/usbd_dfu.c:970:13:DFU_ClearStatus	24	static
../Middlewares/ST/STM32_USB_Device_Library/Class/DFU/Src/usbd_dfu.c:1008:13:DFU_GetState	24	static
../Middlewares/ST/STM32_USB_Device_Library/Class/DFU/Src/usbd_dfu.c:1027:13:DFU_Abort	24	static
../Middlewares/ST/STM32_USB_Device_Library/Class/DFU/Src/usbd_dfu.c:1061:13:DFU_Leave	24	static
