Archive member included to satisfy reference by file (symbol)

C:/ST/STM32CubeIDE_1.15.0/STM32CubeIDE/plugins/com.st.stm32cube.ide.mcu.externaltools.gnu-tools-for-stm32.12.3.rel1.win32_1.0.100.202403111256/tools/bin/../lib/gcc/arm-none-eabi/12.3.1/../../../../arm-none-eabi/lib/thumb/v7e-m+fp/hard\libc_nano.a(libc_a-exit.o)
                              C:/ST/STM32CubeIDE_1.15.0/STM32CubeIDE/plugins/com.st.stm32cube.ide.mcu.externaltools.gnu-tools-for-stm32.12.3.rel1.win32_1.0.100.202403111256/tools/bin/../lib/gcc/arm-none-eabi/12.3.1/../../../../arm-none-eabi/lib/thumb/v7e-m+fp/hard/crt0.o (exit)
C:/ST/STM32CubeIDE_1.15.0/STM32CubeIDE/plugins/com.st.stm32cube.ide.mcu.externaltools.gnu-tools-for-stm32.12.3.rel1.win32_1.0.100.202403111256/tools/bin/../lib/gcc/arm-none-eabi/12.3.1/../../../../arm-none-eabi/lib/thumb/v7e-m+fp/hard\libc_nano.a(libc_a-findfp.o)
                              C:/ST/STM32CubeIDE_1.15.0/STM32CubeIDE/plugins/com.st.stm32cube.ide.mcu.externaltools.gnu-tools-for-stm32.12.3.rel1.win32_1.0.100.202403111256/tools/bin/../lib/gcc/arm-none-eabi/12.3.1/../../../../arm-none-eabi/lib/thumb/v7e-m+fp/hard\libc_nano.a(libc_a-exit.o) (__stdio_exit_handler)
C:/ST/STM32CubeIDE_1.15.0/STM32CubeIDE/plugins/com.st.stm32cube.ide.mcu.externaltools.gnu-tools-for-stm32.12.3.rel1.win32_1.0.100.202403111256/tools/bin/../lib/gcc/arm-none-eabi/12.3.1/../../../../arm-none-eabi/lib/thumb/v7e-m+fp/hard\libc_nano.a(libc_a-fwalk.o)
                              C:/ST/STM32CubeIDE_1.15.0/STM32CubeIDE/plugins/com.st.stm32cube.ide.mcu.externaltools.gnu-tools-for-stm32.12.3.rel1.win32_1.0.100.202403111256/tools/bin/../lib/gcc/arm-none-eabi/12.3.1/../../../../arm-none-eabi/lib/thumb/v7e-m+fp/hard\libc_nano.a(libc_a-findfp.o) (_fwalk_sglue)
C:/ST/STM32CubeIDE_1.15.0/STM32CubeIDE/plugins/com.st.stm32cube.ide.mcu.externaltools.gnu-tools-for-stm32.12.3.rel1.win32_1.0.100.202403111256/tools/bin/../lib/gcc/arm-none-eabi/12.3.1/../../../../arm-none-eabi/lib/thumb/v7e-m+fp/hard\libc_nano.a(libc_a-stdio.o)
                              C:/ST/STM32CubeIDE_1.15.0/STM32CubeIDE/plugins/com.st.stm32cube.ide.mcu.externaltools.gnu-tools-for-stm32.12.3.rel1.win32_1.0.100.202403111256/tools/bin/../lib/gcc/arm-none-eabi/12.3.1/../../../../arm-none-eabi/lib/thumb/v7e-m+fp/hard\libc_nano.a(libc_a-findfp.o) (__sread)
C:/ST/STM32CubeIDE_1.15.0/STM32CubeIDE/plugins/com.st.stm32cube.ide.mcu.externaltools.gnu-tools-for-stm32.12.3.rel1.win32_1.0.100.202403111256/tools/bin/../lib/gcc/arm-none-eabi/12.3.1/../../../../arm-none-eabi/lib/thumb/v7e-m+fp/hard\libc_nano.a(libc_a-memset.o)
                              C:/ST/STM32CubeIDE_1.15.0/STM32CubeIDE/plugins/com.st.stm32cube.ide.mcu.externaltools.gnu-tools-for-stm32.12.3.rel1.win32_1.0.100.202403111256/tools/bin/../lib/gcc/arm-none-eabi/12.3.1/../../../../arm-none-eabi/lib/thumb/v7e-m+fp/hard/crt0.o (memset)
C:/ST/STM32CubeIDE_1.15.0/STM32CubeIDE/plugins/com.st.stm32cube.ide.mcu.externaltools.gnu-tools-for-stm32.12.3.rel1.win32_1.0.100.202403111256/tools/bin/../lib/gcc/arm-none-eabi/12.3.1/../../../../arm-none-eabi/lib/thumb/v7e-m+fp/hard\libc_nano.a(libc_a-closer.o)
                              C:/ST/STM32CubeIDE_1.15.0/STM32CubeIDE/plugins/com.st.stm32cube.ide.mcu.externaltools.gnu-tools-for-stm32.12.3.rel1.win32_1.0.100.202403111256/tools/bin/../lib/gcc/arm-none-eabi/12.3.1/../../../../arm-none-eabi/lib/thumb/v7e-m+fp/hard\libc_nano.a(libc_a-stdio.o) (_close_r)
C:/ST/STM32CubeIDE_1.15.0/STM32CubeIDE/plugins/com.st.stm32cube.ide.mcu.externaltools.gnu-tools-for-stm32.12.3.rel1.win32_1.0.100.202403111256/tools/bin/../lib/gcc/arm-none-eabi/12.3.1/../../../../arm-none-eabi/lib/thumb/v7e-m+fp/hard\libc_nano.a(libc_a-reent.o)
                              C:/ST/STM32CubeIDE_1.15.0/STM32CubeIDE/plugins/com.st.stm32cube.ide.mcu.externaltools.gnu-tools-for-stm32.12.3.rel1.win32_1.0.100.202403111256/tools/bin/../lib/gcc/arm-none-eabi/12.3.1/../../../../arm-none-eabi/lib/thumb/v7e-m+fp/hard\libc_nano.a(libc_a-closer.o) (errno)
C:/ST/STM32CubeIDE_1.15.0/STM32CubeIDE/plugins/com.st.stm32cube.ide.mcu.externaltools.gnu-tools-for-stm32.12.3.rel1.win32_1.0.100.202403111256/tools/bin/../lib/gcc/arm-none-eabi/12.3.1/../../../../arm-none-eabi/lib/thumb/v7e-m+fp/hard\libc_nano.a(libc_a-impure.o)
                              C:/ST/STM32CubeIDE_1.15.0/STM32CubeIDE/plugins/com.st.stm32cube.ide.mcu.externaltools.gnu-tools-for-stm32.12.3.rel1.win32_1.0.100.202403111256/tools/bin/../lib/gcc/arm-none-eabi/12.3.1/../../../../arm-none-eabi/lib/thumb/v7e-m+fp/hard\libc_nano.a(libc_a-reent.o) (_impure_ptr)
C:/ST/STM32CubeIDE_1.15.0/STM32CubeIDE/plugins/com.st.stm32cube.ide.mcu.externaltools.gnu-tools-for-stm32.12.3.rel1.win32_1.0.100.202403111256/tools/bin/../lib/gcc/arm-none-eabi/12.3.1/../../../../arm-none-eabi/lib/thumb/v7e-m+fp/hard\libc_nano.a(libc_a-lseekr.o)
[...]
Memory Configuration

Name             Origin             Length             Attributes
RAM              0x20000000         0x00020000         xrw
FLASH            0x08000000         0x00020000         xr
*default*        0x00000000         0xffffffff

Linker script and memory map

LOAD C:/ST/STM32CubeIDE_1.15.0/STM32CubeIDE/plugins/com.st.stm32cube.ide.mcu.externaltools.gnu-tools-for-stm32.12.3.rel1.win32_1.0.100.202403111256/tools/bin/../lib/gcc/arm-none-eabi/12.3.1/thumb/v7e-m+fp/hard/crti.o
LOAD C:/ST/STM32CubeIDE_1.15.0/STM32CubeIDE/plugins/com.st.stm32cube.ide.mcu.externaltools.gnu-tools-for-stm32.12.3.rel1.win32_1.0.100.202403111256/tools/bin/../lib/gcc/arm-none-eabi/12.3.1/thumb/v7e-m+fp/hard/crtbegin.o
LOAD C:/ST/STM32CubeIDE_1.15.0/STM32CubeIDE/plugins/com.st.stm32cube.ide.mcu.externaltools.gnu-tools-for-stm32.12.3.rel1.win32_1.0.100.202403111256/tools/bin/../lib/gcc/arm-none-eabi/12.3.1/../../../../arm-none-eabi/lib/thumb/v7e-m+fp/hard/crt0.o
LOAD ./Core/Src/main.o
LOAD ./Core/Src/stm32g4xx_hal_msp.o
LOAD ./Core/Src/stm32g4xx_it.o
LOAD ./Core/Src/syscalls.o
LOAD ./Core/Src/sysmem.o
LOAD ./Core/Src/system_stm32g4xx.o
LOAD ./Core/Startup/startup_stm32g473cbtx.o
LOAD ./Drivers/STM32G4xx_HAL_Driver/Src/stm32g4xx_hal.o
LOAD ./Drivers/STM32G4xx_HAL_Driver/Src/stm32g4xx_hal_adc.o
LOAD ./Drivers/STM32G4xx_HAL_Driver/Src/stm32g4xx_hal_adc_ex.o
LOAD ./Drivers/STM32G4xx_HAL_Driver/Src/stm32g4xx_hal_cordic.o
LOAD ./Drivers/STM32G4xx_HAL_Driver/Src/stm32g4xx_hal_cortex.o
LOAD ./Drivers/STM32G4xx_HAL_Driver/Src/stm32g4xx_hal_dac.o
LOAD ./Drivers/STM32G4xx_HAL_Driver/Src/stm32g4xx_hal_dac_ex.o
LOAD ./Drivers/STM32G4xx_HAL_Driver/Src/stm32g4xx_hal_dma.o
LOAD ./Drivers/STM32G4xx_HAL_Driver/Src/stm32g4xx_hal_dma_ex.o
LOAD ./Drivers/STM32G4xx_HAL_Driver/Src/stm32g4xx_hal_exti.o
LOAD ./Drivers/STM32G4xx_HAL_Driver/Src/stm32g4xx_hal_flash.o
LOAD ./Drivers/STM32G4xx_HAL_Driver/Src/stm32g4xx_hal_flash_ex.o
LOAD ./Drivers/STM32G4xx_HAL_Driver/Src/stm32g4xx_hal_flash_ramfunc.o
LOAD ./Drivers/STM32G4xx_HAL_Driver/Src/stm32g4xx_hal_gpio.o
LOAD ./Drivers/STM32G4xx_HAL_Driver/Src/stm32g4xx_hal_opamp.o
LOAD ./Drivers/STM32G4xx_HAL_Driver/Src/stm32g4xx_hal_opamp_ex.o
LOAD ./Drivers/STM32G4xx_HAL_Driver/Src/stm32g4xx_hal_pcd.o
LOAD ./Drivers/STM32G4xx_HAL_Driver/Src/stm32g4xx_hal_pcd_ex.o
LOAD ./Drivers/STM32G4xx_HAL_Driver/Src/stm32g4xx_hal_pwr.o
LOAD ./Drivers/STM32G4xx_HAL_Driver/Src/stm32g4xx_hal_pwr_ex.o
LOAD ./Drivers/STM32G4xx_HAL_Driver/Src/stm32g4xx_hal_rcc.o
LOAD ./Drivers/STM32G4xx_HAL_Driver/Src/stm32g4xx_hal_rcc_ex.o
LOAD ./Drivers/STM32G4xx_HAL_Driver/Src/stm32g4xx_hal_spi.o
LOAD ./Drivers/STM32G4xx_HAL_Driver/Src/stm32g4xx_hal_spi_ex.o
LOAD ./Drivers/STM32G4xx_HAL_Driver/Src/stm32g4xx_hal_tim.o
LOAD ./Drivers/STM32G4xx_HAL_Driver/Src/stm32g4xx_hal_tim_ex.o
LOAD ./Drivers/STM32G4xx_HAL_Driver/Src/stm32g4xx_ll_adc.o
LOAD ./Drivers/STM32G4xx_HAL_Driver/Src/stm32g4xx_ll_usb.o
LOAD ./Middlewares/ST/STM32_USB_Device_Library/Class/DFU/Src/usbd_dfu.o
LOAD ./Middlewares/ST/STM32_USB_Device_Library/Core/Src/usbd_core.o
LOAD ./Middlewares/ST/STM32_USB_Device_Library/Core/Src/usbd_ctlreq.o
LOAD ./Middlewares/ST/STM32_USB_Device_Library/Core/Src/usbd_ioreq.o
LOAD ./USB_Device/App/usb_device.o
LOAD ./USB_Device/App/usbd_desc.o
LOAD ./USB_Device/App/usbd_dfu_flash.o
LOAD ./USB_Device/Target/usbd_conf.o
START GROUP
LOAD C:/ST/STM32CubeIDE_1.15.0/STM32CubeIDE/plugins/com.st.stm32cube.ide.mcu.externaltools.gnu-tools-for-stm32.12.3.rel1.win32_1.0.100.202403111256/tools/bin/../lib/gcc/arm-none-eabi/12.3.1/../../../../arm-none-eabi/lib/thumb/v7e-m+fp/hard\libc_nano.a
LOAD C:/ST/STM32CubeIDE_1.15.0/STM32CubeIDE/plugins/com.st.stm32cube.ide.mcu.externaltools.gnu-tools-for-stm32.12.3.rel1.win32_1.0.100.202403111256/tools/bin/../lib/gcc/arm-none-eabi/12.3.1/../../../../arm-none-eabi/lib/thumb/v7e-m+fp/hard\libm.a
END GROUP
START GROUP
LOAD C:/ST/STM32CubeIDE_1.15.0/STM32CubeIDE/plugins/com.st.stm32cube.ide.mcu.externaltools.gnu-tools-for-stm32.12.3.rel1.win32_1.0.100.202403111256/tools/bin/../lib/gcc/arm-none-eabi/12.3.1/thumb/v7e-m+fp/hard\libgcc.a
LOAD C:/ST/STM32CubeIDE_1.15.0/STM32CubeIDE/plugins/com.st.stm32cube.ide.mcu.externaltools.gnu-tools-for-stm32.12.3.rel1.win32_1.0.100.202403111256/tools/bin/../lib/gcc/arm-none-eabi/12.3.1/../../../../arm-none-eabi/lib/thumb/v7e-m+fp/hard\libc_nano.a
END GROUP
START GROUP
LOAD C:/ST/STM32CubeIDE_1.15.0/STM32CubeIDE/plugins/com.st.stm32cube.ide.mcu.externaltools.gnu-tools-for-stm32.12.3.rel1.win32_1.0.100.202403111256/tools/bin/../lib/gcc/arm-none-eabi/12.3.1/thumb/v7e-m+fp/hard\libgcc.a
LOAD C:/ST/STM32CubeIDE_1.15.0/STM32CubeIDE/plugins/com.st.stm32cube.ide.mcu.externaltools.gnu-tools-for-stm32.12.3.rel1.win32_1.0.100.202403111256/tools/bin/../lib/gcc/arm-none-eabi/12.3.1/../../../../arm-none-eabi/lib/thumb/v7e-m+fp/hard\libc_nano.a
LOAD C:/ST/STM32CubeIDE_1.15.0/STM32CubeIDE/plugins/com.st.stm32cube.ide.mcu.externaltools.gnu-tools-for-stm32.12.3.rel1.win32_1.0.100.202403111256/tools/bin/../lib/gcc/arm-none-eabi/12.3.1/../../../../arm-none-eabi/lib/thumb/v7e-m+fp/hard\libnosys.a
END GROUP
START GROUP
LOAD C:/ST/STM32CubeIDE_1.15.0/STM32CubeIDE/plugins/com.st.stm32cube.ide.mcu.externaltools.gnu-tools-for-stm32.12.3.rel1.win32_1.0.100.202403111256/tools/bin/../lib/gcc/arm-none-eabi/12.3.1/thumb/v7e-m+fp/hard\libgcc.a
LOAD C:/ST/STM32CubeIDE_1.15.0/STM32CubeIDE/plugins/com.st.stm32cube.ide.mcu.externaltools.gnu-tools-for-stm32.12.3.rel1.win32_1.0.100.202403111256/tools/bin/../lib/gcc/arm-none-eabi/12.3.1/../../../../arm-none-eabi/lib/thumb/v7e-m+fp/hard\libc_nano.a
LOAD C:/ST/STM32CubeIDE_1.15.0/STM32CubeIDE/plugins/com.st.stm32cube.ide.mcu.externaltools.gnu-tools-for-stm32.12.3.rel1.win32_1.0.100.202403111256/tools/bin/../lib/gcc/arm-none-eabi/12.3.1/../../../../arm-none-eabi/lib/thumb/v7e-m+fp/hard\libnosys.a
END GROUP
LOAD C:/ST/STM32CubeIDE_1.15.0/STM32CubeIDE/plugins/com.st.stm32cube.ide.mcu.externaltools.gnu-tools-for-stm32.12.3.rel1.win32_1.0.100.202403111256/tools/bin/../lib/gcc/arm-none-eabi/12.3.1/thumb/v7e-m+fp/hard/crtend.o
LOAD C:/ST/STM32CubeIDE_1.15.0/STM32CubeIDE/plugins/com.st.stm32cube.ide.mcu.externaltools.gnu-tools-for-stm32.12.3.rel1.win32_1.0.100.202403111256/tools/bin/../lib/gcc/arm-none-eabi/12.3.1/thumb/v7e-m+fp/hard/crtn.o
                0x20020000                        _estack = (ORIGIN (RAM) + LENGTH (RAM))
                0x00000200                        _Min_Heap_Size = 0x200
                0x00000400                        _Min_Stack_Size = 0x400

.isr_vector     0x08000000      0x1d8
                0x08000000                        . = ALIGN (0x4)
 *(.isr_vector)
 .isr_vector    0x08000000      0x1d8 ./Core/Startup/startup_stm32g473cbtx.o
                0x08000000                g_pfnVectors
                0x080001d8                        . = ALIGN (0x4)

.text           0x080001d8     0xb608
                0x080001d8                        . = ALIGN (0x4)
 *(.text)
 .text          0x080001d8       0x40 C:/ST/STM32CubeIDE_1.15.0/STM32CubeIDE/plugins/com.st.stm32cube.ide.mcu.externaltools.gnu-tools-for-stm32.12.3.rel1.win32_1.0.100.202403111256/tools/bin/../lib/gcc/arm-none-eabi/12.3.1/thumb/v7e-m+fp/hard/crtbegin.o
 *(.text*)
 .text.HAL_TIM_PeriodElapsedCallback
                0x08000218       0x64 ./Core/Src/main.o
                0x08000218                HAL_TIM_PeriodElapsedCallback
 .text.main     0x0800027c       0x58 ./Core/Src/main.o
                0x0800027c                main
 .text.SystemClock_Config
                0x080002d4       0x98 ./Core/Src/main.o
                0x080002d4                SystemClock_Config
 .text.MX_ADC1_Init
                0x0800036c       0xf0 ./Core/Src/main.o
 .text.MX_ADC2_Init
                0x0800045c       0xcc ./Core/Src/main.o
 .text.MX_ADC3_Init
                0x08000528       0xf0 ./Core/Src/main.o
 .text.MX_ADC4_Init
                0x08000618       0xcc ./Core/Src/main.o
 .text.MX_CORDIC_Init
                0x080006e4       0x28 ./Core/Src/main.o
 .text.MX_DAC1_Init
                0x0800070c       0x74 ./Core/Src/main.o
 .text.MX_DAC2_Init
                0x08000780       0x74 ./Core/Src/main.o
 .text.MX_DAC3_Init
                0x080007f4       0x74 ./Core/Src/main.o
 .text.MX_DAC4_Init
                0x08000868       0x74 ./Core/Src/main.o
 .text.MX_OPAMP1_Init
                0x080008dc       0x4c ./Core/Src/main.o
 .text.MX_OPAMP4_Init
                0x08000928       0x4c ./Core/Src/main.o
 .text.MX_SPI2_Init
                0x08000974       0x7c ./Core/Src/main.o
 .text.MX_TIM1_Init
                0x080009f0       0xbc ./Core/Src/main.o
 .text.MX_TIM3_Init
                0x08000aac       0xb4 ./Core/Src/main.o
 .text.MX_TIM5_Init
                0x08000b60       0xb4 ./Core/Src/main.o
 .text.MX_TIM8_Init
                0x08000c14       0xbc ./Core/Src/main.o
 .text.MX_GPIO_Init
                0x08000cd0      0x1a4 ./Core/Src/main.o
 .text.Error_Handler
                0x08000e74        0xc ./Core/Src/main.o
                0x08000e74                Error_Handler
 .text.HAL_MspInit
                0x08000e80       0x78 ./Core/Src/stm32g4xx_hal_msp.o
                0x08000e80                HAL_MspInit
 .text.HAL_ADC_MspInit
                0x08000ef8      0x278 ./Core/Src/stm32g4xx_hal_msp.o
                0x08000ef8                HAL_ADC_MspInit
 .text.HAL_CORDIC_MspInit
                0x08001170       0x40 ./Core/Src/stm32g4xx_hal_msp.o
                0x08001170                HAL_CORDIC_MspInit
 .text.HAL_DAC_MspInit
                0x080011b0      0x128 ./Core/Src/stm32g4xx_hal_msp.o
                0x080011b0                HAL_DAC_MspInit
 .text.HAL_OPAMP_MspInit
                0x080012d8       0xac ./Core/Src/stm32g4xx_hal_msp.o
                0x080012d8                HAL_OPAMP_MspInit
 .text.HAL_SPI_MspInit
                0x08001384       0xc4 ./Core/Src/stm32g4xx_hal_msp.o
                0x08001384                HAL_SPI_MspInit
 .text.HAL_TIM_Encoder_MspInit
                0x08001448      0x248 ./Core/Src/stm32g4xx_hal_msp.o
                0x08001448                HAL_TIM_Encoder_MspInit
 .text.NMI_Handler
                0x08001690        0x8 ./Core/Src/stm32g4xx_it.o
                0x08001690                NMI_Handler
 .text.HardFault_Handler
                0x08001698        0x8 ./Core/Src/stm32g4xx_it.o
                0x08001698                HardFault_Handler
 .text.MemManage_Handler
                0x080016a0        0x8 ./Core/Src/stm32g4xx_it.o
                0x080016a0                MemManage_Handler
 .text.BusFault_Handler
                0x080016a8        0x8 ./Core/Src/stm32g4xx_it.o
                0x080016a8                BusFault_Handler
 .text.UsageFault_Handler
                0x080016b0        0x8 ./Core/Src/stm32g4xx_it.o
                0x080016b0                UsageFault_Handler
 .text.SVC_Handler
                0x080016b8        0xe ./Core/Src/stm32g4xx_it.o
                0x080016b8                SVC_Handler
 .text.DebugMon_Handler
                0x080016c6        0xe ./Core/Src/stm32g4xx_it.o
                0x080016c6                DebugMon_Handler
 .text.PendSV_Handler
                0x080016d4        0xe ./Core/Src/stm32g4xx_it.o
                0x080016d4                PendSV_Handler
 .text.SysTick_Handler
                0x080016e2        0xc ./Core/Src/stm32g4xx_it.o
                0x080016e2                SysTick_Handler
 .text.PVD_PVM_IRQHandler
                0x080016ee        0xc ./Core/Src/stm32g4xx_it.o
                0x080016ee                PVD_PVM_IRQHandler
 .text.EXTI3_IRQHandler
                0x080016fa        0xe ./Core/Src/stm32g4xx_it.o
                0x080016fa                EXTI3_IRQHandler
 .text.USB_LP_IRQHandler
                0x08001708       0x14 ./Core/Src/stm32g4xx_it.o
                0x08001708                USB_LP_IRQHandler
 .text.TIM1_CC_IRQHandler
                0x0800171c       0x14 ./Core/Src/stm32g4xx_it.o
                0x0800171c                TIM1_CC_IRQHandler
 .text.TIM3_IRQHandler
                0x08001730       0x14 ./Core/Src/stm32g4xx_it.o
                0x08001730                TIM3_IRQHandler
 .text.EXTI15_10_IRQHandler
                0x08001744       0x28 ./Core/Src/stm32g4xx_it.o
                0x08001744                EXTI15_10_IRQHandler
 .text.TIM8_CC_IRQHandler
                0x0800176c       0x14 ./Core/Src/stm32g4xx_it.o
                0x0800176c                TIM8_CC_IRQHandler
 .text.TIM5_IRQHandler
                0x08001780       0x14 ./Core/Src/stm32g4xx_it.o
                0x08001780                TIM5_IRQHandler
 .text.SystemInit
                0x08001794       0x24 ./Core/Src/system_stm32g4xx.o
                0x08001794                SystemInit
 .text.Reset_Handler
                0x080017b8       0x50 ./Core/Startup/startup_stm32g473cbtx.o
                0x080017b8                Reset_Handler
 .text.Default_Handler
                0x08001808        0x2 ./Core/Startup/startup_stm32g473cbtx.o
                0x08001808                RTC_Alarm_IRQHandler
                0x08001808                EXTI2_IRQHandler
                0x08001808                TIM8_TRG_COM_IRQHandler
                0x08001808                SPI4_IRQHandler
                0x08001808                FDCAN3_IT0_IRQHandler
                0x08001808                USB_HP_IRQHandler
                0x08001808                CORDIC_IRQHandler
                0x08001808                DMA2_Channel8_IRQHandler
                0x08001808                I2C3_ER_IRQHandler
                0x08001808                EXTI0_IRQHandler
                0x08001808                I2C2_EV_IRQHandler
                0x08001808                FPU_IRQHandler
                0x08001808                FDCAN1_IT1_IRQHandler
                0x08001808                TIM1_UP_TIM16_IRQHandler
                0x08001808                ADC1_2_IRQHandler
                0x08001808                SPI1_IRQHandler
                0x08001808                TIM6_DAC_IRQHandler
                0x08001808                TIM8_UP_IRQHandler
                0x08001808                DMA2_Channel2_IRQHandler
                0x08001808                DMA1_Channel4_IRQHandler
                0x08001808                TIM20_TRG_COM_IRQHandler
                0x08001808                USART3_IRQHandler
                0x08001808                DMA1_Channel7_IRQHandler
                0x08001808                UART5_IRQHandler
                0x08001808                ADC3_IRQHandler
                0x08001808                TIM4_IRQHandler
                0x08001808                DMA2_Channel1_IRQHandler
                0x08001808                QUADSPI_IRQHandler
                0x08001808                I2C1_EV_IRQHandler
                0x08001808                DMA1_Channel6_IRQHandler
                0x08001808                UART4_IRQHandler
                0x08001808                DMA2_Channel4_IRQHandler
                0x08001808                RCC_IRQHandler
                0x08001808                TIM20_UP_IRQHandler
                0x08001808                DMA1_Channel1_IRQHandler
                0x08001808                Default_Handler
                0x08001808                DMA2_Channel7_IRQHandler
                0x08001808                RTC_TAMP_LSECSS_IRQHandler
                0x08001808                FMAC_IRQHandler
                0x08001808                DMA1_Channel8_IRQHandler
                0x08001808                TIM7_DAC_IRQHandler
                0x08001808                FDCAN3_IT1_IRQHandler
                0x08001808                UCPD1_IRQHandler
                0x08001808                I2C3_EV_IRQHandler
                0x08001808                EXTI9_5_IRQHandler
                0x08001808                RTC_WKUP_IRQHandler
                0x08001808                SPI2_IRQHandler
                0x08001808                ADC5_IRQHandler
                0x08001808                DMA2_Channel5_IRQHandler
                0x08001808                CRS_IRQHandler
                0x08001808                DMA1_Channel5_IRQHandler
                0x08001808                EXTI4_IRQHandler
                0x08001808                RNG_IRQHandler
                0x08001808                TIM1_TRG_COM_TIM17_IRQHandler
                0x08001808                FDCAN2_IT1_IRQHandler
                0x08001808                DMA1_Channel3_IRQHandler
                0x08001808                ADC4_IRQHandler
                0x08001808                WWDG_IRQHandler
                0x08001808                I2C4_EV_IRQHandler
                0x08001808                FDCAN2_IT0_IRQHandler
                0x08001808                LPUART1_IRQHandler
                0x08001808                DMA2_Channel6_IRQHandler
                0x08001808                FDCAN1_IT0_IRQHandler
                0x08001808                TIM2_IRQHandler
                0x08001808                COMP7_IRQHandler
                0x08001808                COMP1_2_3_IRQHandler
                0x08001808                EXTI1_IRQHandler
                0x08001808                USART2_IRQHandler
                0x08001808                COMP4_5_6_IRQHandler
                0x08001808                TIM20_BRK_IRQHandler
                0x08001808                I2C2_ER_IRQHandler
                0x08001808                DMA1_Channel2_IRQHandler
                0x08001808                TIM8_BRK_IRQHandler
                0x08001808                FLASH_IRQHandler
                0x08001808                TIM20_CC_IRQHandler
                0x08001808                USART1_IRQHandler
                0x08001808                SPI3_IRQHandler
                0x08001808                I2C1_ER_IRQHandler
                0x08001808                FMC_IRQHandler
                0x08001808                LPTIM1_IRQHandler
                0x08001808                DMAMUX_OVR_IRQHandler
                0x08001808                I2C4_ER_IRQHandler
                0x08001808                USBWakeUp_IRQHandler
                0x08001808                SAI1_IRQHandler
                0x08001808                DMA2_Channel3_IRQHandler
                0x08001808                TIM1_BRK_TIM15_IRQHandler
 .text.HAL_Init
                0x0800180a       0x30 ./Drivers/STM32G4xx_HAL_Driver/Src/stm32g4xx_hal.o
                0x0800180a                HAL_Init
 *fill*         0x0800183a        0x2 
 .text.HAL_InitTick
                0x0800183c       0x74 ./Drivers/STM32G4xx_HAL_Driver/Src/stm32g4xx_hal.o
                0x0800183c                HAL_InitTick
 .text.HAL_IncTick
                0x080018b0       0x24 ./Drivers/STM32G4xx_HAL_Driver/Src/stm32g4xx_hal.o
                0x080018b0                HAL_IncTick
 .text.HAL_GetTick
                0x080018d4       0x18 ./Drivers/STM32G4xx_HAL_Driver/Src/stm32g4xx_hal.o
                0x080018d4                HAL_GetTick
 .text.HAL_Delay
                0x080018ec       0x44 ./Drivers/STM32G4xx_HAL_Driver/Src/stm32g4xx_hal.o
                0x080018ec                HAL_Delay
 .text.LL_ADC_SetCommonClock
                0x08001930       0x26 ./Drivers/STM32G4xx_HAL_Driver/Src/stm32g4xx_hal_adc.o
 .text.LL_ADC_SetCommonPathInternalCh
                0x08001956       0x26 ./Drivers/STM32G4xx_HAL_Driver/Src/stm32g4xx_hal_adc.o
 .text.LL_ADC_GetCommonPathInternalCh
                0x0800197c       0x1c ./Drivers/STM32G4xx_HAL_Driver/Src/stm32g4xx_hal_adc.o
 .text.LL_ADC_SetOffset
                0x08001998       0x48 ./Drivers/STM32G4xx_HAL_Driver/Src/stm32g4xx_hal_adc.o
 .text.LL_ADC_GetOffsetChannel
                0x080019e0       0x2c ./Drivers/STM32G4xx_HAL_Driver/Src/stm32g4xx_hal_adc.o
 .text.LL_ADC_SetOffsetState
                0x08001a0c       0x36 ./Drivers/STM32G4xx_HAL_Driver/Src/stm32g4xx_hal_adc.o
 .text.LL_ADC_SetOffsetSign
                0x08001a42       0x36 ./Drivers/STM32G4xx_HAL_Driver/Src/stm32g4xx_hal_adc.o
 .text.LL_ADC_SetOffsetSaturation
                0x08001a78       0x36 ./Drivers/STM32G4xx_HAL_Driver/Src/stm32g4xx_hal_adc.o
 .text.LL_ADC_SetSamplingTimeCommonConfig
                0x08001aae       0x26 ./Drivers/STM32G4xx_HAL_Driver/Src/stm32g4xx_hal_adc.o
 .text.LL_ADC_REG_SetSequencerRanks
                0x08001ad4       0x58 ./Drivers/STM32G4xx_HAL_Driver/Src/stm32g4xx_hal_adc.o
 .text.LL_ADC_SetChannelSamplingTime
                0x08001b2c       0x56 ./Drivers/STM32G4xx_HAL_Driver/Src/stm32g4xx_hal_adc.o
 *fill*         0x08001b82        0x2 
 .text.LL_ADC_SetChannelSingleDiff
                0x08001b84       0x48 ./Drivers/STM32G4xx_HAL_Driver/Src/stm32g4xx_hal_adc.o
 .text.LL_ADC_DisableDeepPowerDown
                0x08001bcc       0x24 ./Drivers/STM32G4xx_HAL_Driver/Src/stm32g4xx_hal_adc.o
 .text.LL_ADC_IsDeepPowerDownEnabled
                0x08001bf0       0x28 ./Drivers/STM32G4xx_HAL_Driver/Src/stm32g4xx_hal_adc.o
 .text.LL_ADC_EnableInternalRegulator
                0x08001c18       0x28 ./Drivers/STM32G4xx_HAL_Driver/Src/stm32g4xx_hal_adc.o
 .text.LL_ADC_IsInternalRegulatorEnabled
                0x08001c40       0x28 ./Drivers/STM32G4xx_HAL_Driver/Src/stm32g4xx_hal_adc.o
 .text.LL_ADC_IsEnabled
                0x08001c68       0x26 ./Drivers/STM32G4xx_HAL_Driver/Src/stm32g4xx_hal_adc.o
 .text.LL_ADC_REG_IsConversionOngoing
                0x08001c8e       0x26 ./Drivers/STM32G4xx_HAL_Driver/Src/stm32g4xx_hal_adc.o
 .text.LL_ADC_INJ_IsConversionOngoing
                0x08001cb4       0x26 ./Drivers/STM32G4xx_HAL_Driver/Src/stm32g4xx_hal_adc.o
 *fill*         0x08001cda        0x2 
 .text.HAL_ADC_Init
                0x08001cdc      0x378 ./Drivers/STM32G4xx_HAL_Driver/Src/stm32g4xx_hal_adc.o
                0x08001cdc                HAL_ADC_Init
 .text.HAL_ADC_ConfigChannel
                0x08002054      0x880 ./Drivers/STM32G4xx_HAL_Driver/Src/stm32g4xx_hal_adc.o
                0x08002054                HAL_ADC_ConfigChannel
 .text.LL_ADC_IsEnabled
                0x080028d4       0x26 ./Drivers/STM32G4xx_HAL_Driver/Src/stm32g4xx_hal_adc_ex.o
 .text.LL_ADC_REG_IsConversionOngoing
                0x080028fa       0x26 ./Drivers/STM32G4xx_HAL_Driver/Src/stm32g4xx_hal_adc_ex.o
 .text.HAL_ADCEx_MultiModeConfigChannel
                0x08002920      0x210 ./Drivers/STM32G4xx_HAL_Driver/Src/stm32g4xx_hal_adc_ex.o
                0x08002920                HAL_ADCEx_MultiModeConfigChannel
 .text.HAL_CORDIC_Init
                0x08002b30       0x62 ./Drivers/STM32G4xx_HAL_Driver/Src/stm32g4xx_hal_cordic.o
                0x08002b30                HAL_CORDIC_Init
 *fill*         0x08002b92        0x2 
 .text.__NVIC_SetPriorityGrouping
                0x08002b94       0x48 ./Drivers/STM32G4xx_HAL_Driver/Src/stm32g4xx_hal_cortex.o
 .text.__NVIC_GetPriorityGrouping
                0x08002bdc       0x1c ./Drivers/STM32G4xx_HAL_Driver/Src/stm32g4xx_hal_cortex.o
 .text.__NVIC_EnableIRQ
                0x08002bf8       0x3c ./Drivers/STM32G4xx_HAL_Driver/Src/stm32g4xx_hal_cortex.o
 .text.__NVIC_SetPriority
                0x08002c34       0x54 ./Drivers/STM32G4xx_HAL_Driver/Src/stm32g4xx_hal_cortex.o
 .text.NVIC_EncodePriority
                0x08002c88       0x66 ./Drivers/STM32G4xx_HAL_Driver/Src/stm32g4xx_hal_cortex.o
 *fill*         0x08002cee        0x2 
 .text.SysTick_Config
                0x08002cf0       0x44 ./Drivers/STM32G4xx_HAL_Driver/Src/stm32g4xx_hal_cortex.o
 .text.HAL_NVIC_SetPriorityGrouping
                0x08002d34       0x16 ./Drivers/STM32G4xx_HAL_Driver/Src/stm32g4xx_hal_cortex.o
                0x08002d34                HAL_NVIC_SetPriorityGrouping
 .text.HAL_NVIC_SetPriority
                0x08002d4a       0x34 ./Drivers/STM32G4xx_HAL_Driver/Src/stm32g4xx_hal_cortex.o
                0x08002d4a                HAL_NVIC_SetPriority
 .text.HAL_NVIC_EnableIRQ
                0x08002d7e       0x1c ./Drivers/STM32G4xx_HAL_Driver/Src/stm32g4xx_hal_cortex.o
                0x08002d7e                HAL_NVIC_EnableIRQ
 .text.HAL_SYSTICK_Config
                0x08002d9a       0x18 ./Drivers/STM32G4xx_HAL_Driver/Src/stm32g4xx_hal_cortex.o
                0x08002d9a                HAL_SYSTICK_Config
 .text.HAL_DAC_Init
                0x08002db2       0x44 ./Drivers/STM32G4xx_HAL_Driver/Src/stm32g4xx_hal_dac.o
                0x08002db2                HAL_DAC_Init
 *fill*         0x08002df6        0x2 
 .text.HAL_DAC_ConfigChannel
                0x08002df8      0x370 ./Drivers/STM32G4xx_HAL_Driver/Src/stm32g4xx_hal_dac.o
                0x08002df8                HAL_DAC_ConfigChannel
 .text.HAL_GPIO_Init
                0x08003168      0x304 ./Drivers/STM32G4xx_HAL_Driver/Src/stm32g4xx_hal_gpio.o
                0x08003168                HAL_GPIO_Init
 .text.HAL_GPIO_WritePin
                0x0800346c       0x30 ./Drivers/STM32G4xx_HAL_Driver/Src/stm32g4xx_hal_gpio.o
                0x0800346c                HAL_GPIO_WritePin
 .text.HAL_GPIO_EXTI_IRQHandler
                0x0800349c       0x30 ./Drivers/STM32G4xx_HAL_Driver/Src/stm32g4xx_hal_gpio.o
                0x0800349c                HAL_GPIO_EXTI_IRQHandler
 .text.HAL_GPIO_EXTI_Callback
                0x080034cc       0x16 ./Drivers/STM32G4xx_HAL_Driver/Src/stm32g4xx_hal_gpio.o
                0x080034cc                HAL_GPIO_EXTI_Callback
 *fill*         0x080034e2        0x2 
 .text.HAL_OPAMP_Init
                0x080034e4      0x1a0 ./Drivers/STM32G4xx_HAL_Driver/Src/stm32g4xx_hal_opamp.o
                0x080034e4                HAL_OPAMP_Init
 .text.HAL_PCD_Init
                0x08003684      0x19c ./Drivers/STM32G4xx_HAL_Driver/Src/stm32g4xx_hal_pcd.o
                0x08003684                HAL_PCD_Init
 .text.HAL_PCD_Start
                0x08003820       0x44 ./Drivers/STM32G4xx_HAL_Driver/Src/stm32g4xx_hal_pcd.o
                0x08003820                HAL_PCD_Start
 .text.HAL_PCD_Stop
                0x08003864       0x44 ./Drivers/STM32G4xx_HAL_Driver/Src/stm32g4xx_hal_pcd.o
                0x08003864                HAL_PCD_Stop
 .text.HAL_PCD_IRQHandler
                0x080038a8      0x24e ./Drivers/STM32G4xx_HAL_Driver/Src/stm32g4xx_hal_pcd.o
                0x080038a8                HAL_PCD_IRQHandler
 .text.HAL_PCD_SetAddress
                0x08003af6       0x48 ./Drivers/STM32G4xx_HAL_Driver/Src/stm32g4xx_hal_pcd.o
                0x08003af6                HAL_PCD_SetAddress
 .text.HAL_PCD_EP_Open
                0x08003b3e       0xba ./Drivers/STM32G4xx_HAL_Driver/Src/stm32g4xx_hal_pcd.o
                0x08003b3e                HAL_PCD_EP_Open
 .text.HAL_PCD_EP_Receive
                0x08003bf8       0x62 ./Drivers/STM32G4xx_HAL_Driver/Src/stm32g4xx_hal_pcd.o
                0x08003bf8                HAL_PCD_EP_Receive
 .text.HAL_PCD_EP_Transmit
                0x08003c5a       0x6e ./Drivers/STM32G4xx_HAL_Driver/Src/stm32g4xx_hal_pcd.o
                0x08003c5a                HAL_PCD_EP_Transmit
 .text.HAL_PCD_EP_SetStall
                0x08003cc8       0xa4 ./Drivers/STM32G4xx_HAL_Driver/Src/stm32g4xx_hal_pcd.o
                0x08003cc8                HAL_PCD_EP_SetStall
 .text.HAL_PCD_EP_ClrStall
                0x08003d6c       0xa8 ./Drivers/STM32G4xx_HAL_Driver/Src/stm32g4xx_hal_pcd.o
                0x08003d6c                HAL_PCD_EP_ClrStall
 .text.PCD_EP_ISR_Handler
                0x08003e14      0x782 ./Drivers/STM32G4xx_HAL_Driver/Src/stm32g4xx_hal_pcd.o
 .text.HAL_PCD_EP_DB_Receive
                0x08004596      0x212 ./Drivers/STM32G4xx_HAL_Driver/Src/stm32g4xx_hal_pcd.o
 .text.HAL_PCD_EP_DB_Transmit
                0x080047a8      0x7ec ./Drivers/STM32G4xx_HAL_Driver/Src/stm32g4xx_hal_pcd.o
 .text.HAL_PCDEx_PMAConfig
                0x08004f94       0x86 ./Drivers/STM32G4xx_HAL_Driver/Src/stm32g4xx_hal_pcd_ex.o
                0x08004f94                HAL_PCDEx_PMAConfig
 .text.HAL_PCDEx_ActivateLPM
                0x0800501a       0x54 ./Drivers/STM32G4xx_HAL_Driver/Src/stm32g4xx_hal_pcd_ex.o
                0x0800501a                HAL_PCDEx_ActivateLPM
 *fill*         0x0800506e        0x2 
 .text.HAL_PWR_ConfigPVD
                0x08005070       0xc0 ./Drivers/STM32G4xx_HAL_Driver/Src/stm32g4xx_hal_pwr.o
                0x08005070                HAL_PWR_ConfigPVD
 .text.HAL_PWR_EnablePVD
                0x08005130       0x20 ./Drivers/STM32G4xx_HAL_Driver/Src/stm32g4xx_hal_pwr.o
                0x08005130                HAL_PWR_EnablePVD
 .text.HAL_PWR_PVDCallback
                0x08005150        0xe ./Drivers/STM32G4xx_HAL_Driver/Src/stm32g4xx_hal_pwr.o
                0x08005150                HAL_PWR_PVDCallback
 *fill*         0x0800515e        0x2 
 .text.HAL_PWREx_ControlVoltageScaling
                0x08005160      0x148 ./Drivers/STM32G4xx_HAL_Driver/Src/stm32g4xx_hal_pwr_ex.o
                0x08005160                HAL_PWREx_ControlVoltageScaling
 .text.HAL_PWREx_PVD_PVM_IRQHandler
                0x080052a8       0x7c ./Drivers/STM32G4xx_HAL_Driver/Src/stm32g4xx_hal_pwr_ex.o
                0x080052a8                HAL_PWREx_PVD_PVM_IRQHandler
 .text.HAL_PWREx_PVM1Callback
                0x08005324        0xe ./Drivers/STM32G4xx_HAL_Driver/Src/stm32g4xx_hal_pwr_ex.o
                0x08005324                HAL_PWREx_PVM1Callback
 .text.HAL_PWREx_PVM2Callback
                0x08005332        0xe ./Drivers/STM32G4xx_HAL_Driver/Src/stm32g4xx_hal_pwr_ex.o
                0x08005332                HAL_PWREx_PVM2Callback
 .text.HAL_PWREx_PVM3Callback
                0x08005340        0xe ./Drivers/STM32G4xx_HAL_Driver/Src/stm32g4xx_hal_pwr_ex.o
                0x08005340                HAL_PWREx_PVM3Callback
 .text.HAL_PWREx_PVM4Callback
                0x0800534e        0xe ./Drivers/STM32G4xx_HAL_Driver/Src/stm32g4xx_hal_pwr_ex.o
                0x0800534e                HAL_PWREx_PVM4Callback
 .text.HAL_PWREx_DisableUCPDDeadBattery
                0x0800535c       0x20 ./Drivers/STM32G4xx_HAL_Driver/Src/stm32g4xx_hal_pwr_ex.o
                0x0800535c                HAL_PWREx_DisableUCPDDeadBattery
 .text.HAL_RCC_OscConfig
                0x0800537c      0x624 ./Drivers/STM32G4xx_HAL_Driver/Src/stm32g4xx_hal_rcc.o
                0x0800537c                HAL_RCC_OscConfig
 .text.HAL_RCC_ClockConfig
                0x080059a0      0x278 ./Drivers/STM32G4xx_HAL_Driver/Src/stm32g4xx_hal_rcc.o
                0x080059a0                HAL_RCC_ClockConfig
 .text.HAL_RCC_GetSysClockFreq
                0x08005c18       0xc4 ./Drivers/STM32G4xx_HAL_Driver/Src/stm32g4xx_hal_rcc.o
                0x08005c18                HAL_RCC_GetSysClockFreq
 .text.HAL_RCC_GetHCLKFreq
                0x08005cdc       0x18 ./Drivers/STM32G4xx_HAL_Driver/Src/stm32g4xx_hal_rcc.o
                0x08005cdc                HAL_RCC_GetHCLKFreq
 .text.RCC_GetSysClockFreqFromPLLSource
                0x08005cf4       0x8c ./Drivers/STM32G4xx_HAL_Driver/Src/stm32g4xx_hal_rcc.o
 .text.HAL_RCCEx_PeriphCLKConfig
                0x08005d80      0x49c ./Drivers/STM32G4xx_HAL_Driver/Src/stm32g4xx_hal_rcc_ex.o
                0x08005d80                HAL_RCCEx_PeriphCLKConfig
 .text.HAL_SPI_Init
                0x0800621c      0x156 ./Drivers/STM32G4xx_HAL_Driver/Src/stm32g4xx_hal_spi.o
                0x0800621c                HAL_SPI_Init
 .text.HAL_TIM_Encoder_Init
                0x08006372      0x14c ./Drivers/STM32G4xx_HAL_Driver/Src/stm32g4xx_hal_tim.o
                0x08006372                HAL_TIM_Encoder_Init
 .text.HAL_TIM_Encoder_Start
                0x080064be      0x11c ./Drivers/STM32G4xx_HAL_Driver/Src/stm32g4xx_hal_tim.o
                0x080064be                HAL_TIM_Encoder_Start
 .text.HAL_TIM_IRQHandler
                0x080065da      0x29e ./Drivers/STM32G4xx_HAL_Driver/Src/stm32g4xx_hal_tim.o
                0x080065da                HAL_TIM_IRQHandler
 .text.HAL_TIM_OC_DelayElapsedCallback
                0x08006878       0x14 ./Drivers/STM32G4xx_HAL_Driver/Src/stm32g4xx_hal_tim.o
                0x08006878                HAL_TIM_OC_DelayElapsedCallback
 .text.HAL_TIM_IC_CaptureCallback
                0x0800688c       0x14 ./Drivers/STM32G4xx_HAL_Driver/Src/stm32g4xx_hal_tim.o
                0x0800688c                HAL_TIM_IC_CaptureCallback
 .text.HAL_TIM_PWM_PulseFinishedCallback
                0x080068a0       0x14 ./Drivers/STM32G4xx_HAL_Driver/Src/stm32g4xx_hal_tim.o
                0x080068a0                HAL_TIM_PWM_PulseFinishedCallback
 .text.HAL_TIM_TriggerCallback
                0x080068b4       0x14 ./Drivers/STM32G4xx_HAL_Driver/Src/stm32g4xx_hal_tim.o
                0x080068b4                HAL_TIM_TriggerCallback
 .text.TIM_Base_SetConfig
                0x080068c8      0x168 ./Drivers/STM32G4xx_HAL_Driver/Src/stm32g4xx_hal_tim.o
                0x080068c8                TIM_Base_SetConfig
 .text.TIM_CCxChannelCmd
                0x08006a30       0x4a ./Drivers/STM32G4xx_HAL_Driver/Src/stm32g4xx_hal_tim.o
                0x08006a30                TIM_CCxChannelCmd
 *fill*         0x08006a7a        0x2 
 .text.HAL_TIMEx_MasterConfigSynchronization
                0x08006a7c      0x12c ./Drivers/STM32G4xx_HAL_Driver/Src/stm32g4xx_hal_tim_ex.o
                0x08006a7c                HAL_TIMEx_MasterConfigSynchronization
 .text.HAL_TIMEx_CommutCallback
                0x08006ba8       0x14 ./Drivers/STM32G4xx_HAL_Driver/Src/stm32g4xx_hal_tim_ex.o
                0x08006ba8                HAL_TIMEx_CommutCallback
 .text.HAL_TIMEx_BreakCallback
                0x08006bbc       0x14 ./Drivers/STM32G4xx_HAL_Driver/Src/stm32g4xx_hal_tim_ex.o
                0x08006bbc                HAL_TIMEx_BreakCallback
 .text.HAL_TIMEx_Break2Callback
                0x08006bd0       0x14 ./Drivers/STM32G4xx_HAL_Driver/Src/stm32g4xx_hal_tim_ex.o
                0x08006bd0                HAL_TIMEx_Break2Callback
 .text.HAL_TIMEx_EncoderIndexCallback
                0x08006be4       0x14 ./Drivers/STM32G4xx_HAL_Driver/Src/stm32g4xx_hal_tim_ex.o
                0x08006be4                HAL_TIMEx_EncoderIndexCallback
 .text.HAL_TIMEx_DirectionChangeCallback
                0x08006bf8       0x14 ./Drivers/STM32G4xx_HAL_Driver/Src/stm32g4xx_hal_tim_ex.o
                0x08006bf8                HAL_TIMEx_DirectionChangeCallback
 .text.HAL_TIMEx_IndexErrorCallback
                0x08006c0c       0x14 ./Drivers/STM32G4xx_HAL_Driver/Src/stm32g4xx_hal_tim_ex.o
                0x08006c0c                HAL_TIMEx_IndexErrorCallback
 .text.HAL_TIMEx_TransitionErrorCallback
                0x08006c20       0x14 ./Drivers/STM32G4xx_HAL_Driver/Src/stm32g4xx_hal_tim_ex.o
                0x08006c20                HAL_TIMEx_TransitionErrorCallback
 .text.USB_EnableGlobalInt
                0x08006c34       0x2e ./Drivers/STM32G4xx_HAL_Driver/Src/stm32g4xx_ll_usb.o
                0x08006c34                USB_EnableGlobalInt
 .text.USB_DisableGlobalInt
                0x08006c62       0x36 ./Drivers/STM32G4xx_HAL_Driver/Src/stm32g4xx_ll_usb.o
                0x08006c62                USB_DisableGlobalInt
 .text.USB_DevInit
                0x08006c98       0x3c ./Drivers/STM32G4xx_HAL_Driver/Src/stm32g4xx_ll_usb.o
                0x08006c98                USB_DevInit
 .text.USB_ActivateEndpoint
                0x08006cd4      0x788 ./Drivers/STM32G4xx_HAL_Driver/Src/stm32g4xx_ll_usb.o
                0x08006cd4                USB_ActivateEndpoint
 .text.USB_EPStartXfer
                0x0800745c     0x1762 ./Drivers/STM32G4xx_HAL_Driver/Src/stm32g4xx_ll_usb.o
                0x0800745c                USB_EPStartXfer
 .text.USB_EPSetStall
                0x08008bbe       0xa2 ./Drivers/STM32G4xx_HAL_Driver/Src/stm32g4xx_ll_usb.o
                0x08008bbe                USB_EPSetStall
 .text.USB_EPClearStall
                0x08008c60      0x15c ./Drivers/STM32G4xx_HAL_Driver/Src/stm32g4xx_ll_usb.o
                0x08008c60                USB_EPClearStall
 .text.USB_SetDevAddress
                0x08008dbc       0x28 ./Drivers/STM32G4xx_HAL_Driver/Src/stm32g4xx_ll_usb.o
                0x08008dbc                USB_SetDevAddress
 .text.USB_DevConnect
                0x08008de4       0x2e ./Drivers/STM32G4xx_HAL_Driver/Src/stm32g4xx_ll_usb.o
                0x08008de4                USB_DevConnect
 .text.USB_DevDisconnect
                0x08008e12       0x2a ./Drivers/STM32G4xx_HAL_Driver/Src/stm32g4xx_ll_usb.o
                0x08008e12                USB_DevDisconnect
 .text.USB_ReadInterrupts
                0x08008e3c       0x20 ./Drivers/STM32G4xx_HAL_Driver/Src/stm32g4xx_ll_usb.o
                0x08008e3c                USB_ReadInterrupts
 .text.USB_WritePMA
                0x08008e5c       0x84 ./Drivers/STM32G4xx_HAL_Driver/Src/stm32g4xx_ll_usb.o
                0x08008e5c                USB_WritePMA
 .text.USB_ReadPMA
                0x08008ee0       0x98 ./Drivers/STM32G4xx_HAL_Driver/Src/stm32g4xx_ll_usb.o
                0x08008ee0                USB_ReadPMA
 .text.__NVIC_SystemReset
                0x08008f78       0x2c ./Middlewares/ST/STM32_USB_Device_Library/Class/DFU/Src/usbd_dfu.o
 .text.USBD_DFU_Init
                0x08008fa4       0xb0 ./Middlewares/ST/STM32_USB_Device_Library/Class/DFU/Src/usbd_dfu.o
 .text.USBD_DFU_DeInit
                0x08009054       0x72 ./Middlewares/ST/STM32_USB_Device_Library/Class/DFU/Src/usbd_dfu.o
 *fill*         0x080090c6        0x2 
 .text.USBD_DFU_Setup
                0x080090c8      0x1e4 ./Middlewares/ST/STM32_USB_Device_Library/Class/DFU/Src/usbd_dfu.o
 .text.USBD_DFU_GetCfgDesc
                0x080092ac       0x20 ./Middlewares/ST/STM32_USB_Device_Library/Class/DFU/Src/usbd_dfu.o
 .text.USBD_DFU_EP0_RxReady
                0x080092cc       0x16 ./Middlewares/ST/STM32_USB_Device_Library/Class/DFU/Src/usbd_dfu.o
 .text.USBD_DFU_EP0_TxReady
                0x080092e2      0x1c8 ./Middlewares/ST/STM32_USB_Device_Library/Class/DFU/Src/usbd_dfu.o
 .text.USBD_DFU_SOF
                0x080094aa       0x16 ./Middlewares/ST/STM32_USB_Device_Library/Class/DFU/Src/usbd_dfu.o
 .text.USBD_DFU_GetDeviceQualifierDesc
                0x080094c0       0x20 ./Middlewares/ST/STM32_USB_Device_Library/Class/DFU/Src/usbd_dfu.o
 .text.USBD_DFU_GetUsrStringDesc
                0x080094e0       0x3c ./Middlewares/ST/STM32_USB_Device_Library/Class/DFU/Src/usbd_dfu.o
 .text.USBD_DFU_RegisterMedia
                0x0800951c       0x2a ./Middlewares/ST/STM32_USB_Device_Library/Class/DFU/Src/usbd_dfu.o
                0x0800951c                USBD_DFU_RegisterMedia
 *fill*         0x08009546        0x2 
 .text.DFU_Detach
                0x08009548       0xc8 ./Middlewares/ST/STM32_USB_Device_Library/Class/DFU/Src/usbd_dfu.o
 .text.DFU_Download
                0x08009610       0xd8 ./Middlewares/ST/STM32_USB_Device_Library/Class/DFU/Src/usbd_dfu.o
 .text.DFU_Upload
                0x080096e8      0x1b2 ./Middlewares/ST/STM32_USB_Device_Library/Class/DFU/Src/usbd_dfu.o
 *fill*         0x0800989a        0x2 
 .text.DFU_GetStatus
                0x0800989c      0x16c ./Middlewares/ST/STM32_USB_Device_Library/Class/DFU/Src/usbd_dfu.o
 .text.DFU_ClearStatus
                0x08009a08       0xa8 ./Middlewares/ST/STM32_USB_Device_Library/Class/DFU/Src/usbd_dfu.o
 .text.DFU_GetState
                0x08009ab0       0x30 ./Middlewares/ST/STM32_USB_Device_Library/Class/DFU/Src/usbd_dfu.o
 .text.DFU_Abort
                0x08009ae0       0xa2 ./Middlewares/ST/STM32_USB_Device_Library/Class/DFU/Src/usbd_dfu.o
 *fill*         0x08009b82        0x2 
 .text.DFU_Leave
                0x08009b84       0x9c ./Middlewares/ST/STM32_USB_Device_Library/Class/DFU/Src/usbd_dfu.o
 .text.USBD_Init
                0x08009c20       0x60 ./Middlewares/ST/STM32_USB_Device_Library/Core/Src/usbd_core.o
                0x08009c20                USBD_Init
 .text.USBD_RegisterClass
                0x08009c80       0x4e ./Middlewares/ST/STM32_USB_Device_Library/Core/Src/usbd_core.o
                0x08009c80                USBD_RegisterClass
 .text.USBD_Start
                0x08009cce       0x18 ./Middlewares/ST/STM32_USB_Device_Library/Core/Src/usbd_core.o
                0x08009cce                USBD_Start
 .text.USBD_Stop
                0x08009ce6       0x36 ./Middlewares/ST/STM32_USB_Device_Library/Core/Src/usbd_core.o
                0x08009ce6                USBD_Stop
 .text.USBD_RunTestMode
                0x08009d1c       0x16 ./Middlewares/ST/STM32_USB_Device_Library/Core/Src/usbd_core.o
                0x08009d1c                USBD_RunTestMode
 .text.USBD_SetClassConfig
                0x08009d32       0x38 ./Middlewares/ST/STM32_USB_Device_Library/Core/Src/usbd_core.o
                0x08009d32                USBD_SetClassConfig
 .text.USBD_ClrClassConfig
                0x08009d6a       0x30 ./Middlewares/ST/STM32_USB_Device_Library/Core/Src/usbd_core.o
                0x08009d6a                USBD_ClrClassConfig
 .text.USBD_LL_SetupStage
                0x08009d9a       0xaa ./Middlewares/ST/STM32_USB_Device_Library/Core/Src/usbd_core.o
                0x08009d9a                USBD_LL_SetupStage
 .text.USBD_LL_DataOutStage
                0x08009e44       0xc6 ./Middlewares/ST/STM32_USB_Device_Library/Core/Src/usbd_core.o
                0x08009e44                USBD_LL_DataOutStage
 .text.USBD_LL_DataInStage
                0x08009f0a      0x12c ./Middlewares/ST/STM32_USB_Device_Library/Core/Src/usbd_core.o
                0x08009f0a                USBD_LL_DataInStage
 .text.USBD_LL_Reset
                0x0800a036       0x9c ./Middlewares/ST/STM32_USB_Device_Library/Core/Src/usbd_core.o
                0x0800a036                USBD_LL_Reset
 .text.USBD_LL_SetSpeed
                0x0800a0d2       0x20 ./Middlewares/ST/STM32_USB_Device_Library/Core/Src/usbd_core.o
                0x0800a0d2                USBD_LL_SetSpeed
 .text.USBD_LL_Suspend
                0x0800a0f2       0x2c ./Middlewares/ST/STM32_USB_Device_Library/Core/Src/usbd_core.o
                0x0800a0f2                USBD_LL_Suspend
 .text.USBD_LL_Resume
                0x0800a11e       0x30 ./Middlewares/ST/STM32_USB_Device_Library/Core/Src/usbd_core.o
                0x0800a11e                USBD_LL_Resume
 .text.USBD_LL_SOF
                0x0800a14e       0x44 ./Middlewares/ST/STM32_USB_Device_Library/Core/Src/usbd_core.o
                0x0800a14e                USBD_LL_SOF
 .text.SWAPBYTE
                0x0800a192       0x3c ./Middlewares/ST/STM32_USB_Device_Library/Core/Src/usbd_ctlreq.o
 *fill*         0x0800a1ce        0x2 
 .text.USBD_StdDevReq
                0x0800a1d0       0xdc ./Middlewares/ST/STM32_USB_Device_Library/Core/Src/usbd_ctlreq.o
                0x0800a1d0                USBD_StdDevReq
 .text.USBD_StdItfReq
                0x0800a2ac       0x92 ./Middlewares/ST/STM32_USB_Device_Library/Core/Src/usbd_ctlreq.o
                0x0800a2ac                USBD_StdItfReq
 .text.USBD_StdEPReq
                0x0800a33e      0x2c4 ./Middlewares/ST/STM32_USB_Device_Library/Core/Src/usbd_ctlreq.o
                0x0800a33e                USBD_StdEPReq
 *fill*         0x0800a602        0x2 
 .text.USBD_GetDescriptor
                0x0800a604      0x34c ./Middlewares/ST/STM32_USB_Device_Library/Core/Src/usbd_ctlreq.o
 .text.USBD_SetAddress
                0x0800a950       0x88 ./Middlewares/ST/STM32_USB_Device_Library/Core/Src/usbd_ctlreq.o
 .text.USBD_SetConfig
                0x0800a9d8      0x14c ./Middlewares/ST/STM32_USB_Device_Library/Core/Src/usbd_ctlreq.o
 .text.USBD_GetConfig
                0x0800ab24       0x6c ./Middlewares/ST/STM32_USB_Device_Library/Core/Src/usbd_ctlreq.o
 .text.USBD_GetStatus
                0x0800ab90       0x68 ./Middlewares/ST/STM32_USB_Device_Library/Core/Src/usbd_ctlreq.o
 .text.USBD_SetFeature
                0x0800abf8       0x28 ./Middlewares/ST/STM32_USB_Device_Library/Core/Src/usbd_ctlreq.o
 .text.USBD_ClrFeature
                0x0800ac20       0x44 ./Middlewares/ST/STM32_USB_Device_Library/Core/Src/usbd_ctlreq.o
 .text.USBD_ParseSetupRequest
                0x0800ac64       0x74 ./Middlewares/ST/STM32_USB_Device_Library/Core/Src/usbd_ctlreq.o
                0x0800ac64                USBD_ParseSetupRequest
 .text.USBD_CtlError
                0x0800acd8       0x22 ./Middlewares/ST/STM32_USB_Device_Library/Core/Src/usbd_ctlreq.o
                0x0800acd8                USBD_CtlError
 .text.USBD_GetString
                0x0800acfa       0x8c ./Middlewares/ST/STM32_USB_Device_Library/Core/Src/usbd_ctlreq.o
                0x0800acfa                USBD_GetString
 .text.USBD_GetLen
                0x0800ad86       0x34 ./Middlewares/ST/STM32_USB_Device_Library/Core/Src/usbd_ctlreq.o
 .text.USBD_CtlSendData
                0x0800adba       0x36 ./Middlewares/ST/STM32_USB_Device_Library/Core/Src/usbd_ioreq.o
                0x0800adba                USBD_CtlSendData
 .text.USBD_CtlContinueSendData
                0x0800adf0       0x22 ./Middlewares/ST/STM32_USB_Device_Library/Core/Src/usbd_ioreq.o
                0x0800adf0                USBD_CtlContinueSendData
 .text.USBD_CtlPrepareRx
                0x0800ae12       0x3a ./Middlewares/ST/STM32_USB_Device_Library/Core/Src/usbd_ioreq.o
                0x0800ae12                USBD_CtlPrepareRx
 .text.USBD_CtlContinueRx
                0x0800ae4c       0x22 ./Middlewares/ST/STM32_USB_Device_Library/Core/Src/usbd_ioreq.o
                0x0800ae4c                USBD_CtlContinueRx
 .text.USBD_CtlSendStatus
                0x0800ae6e       0x26 ./Middlewares/ST/STM32_USB_Device_Library/Core/Src/usbd_ioreq.o
                0x0800ae6e                USBD_CtlSendStatus
 .text.USBD_CtlReceiveStatus
                0x0800ae94       0x26 ./Middlewares/ST/STM32_USB_Device_Library/Core/Src/usbd_ioreq.o
                0x0800ae94                USBD_CtlReceiveStatus
 *fill*         0x0800aeba        0x2 
 .text.MX_USB_Device_Init
                0x0800aebc       0x60 ./USB_Device/App/usb_device.o
                0x0800aebc                MX_USB_Device_Init
 .text.USBD_DFU_DeviceDescriptor
                0x0800af1c       0x24 ./USB_Device/App/usbd_desc.o
                0x0800af1c                USBD_DFU_DeviceDescriptor
 .text.USBD_DFU_LangIDStrDescriptor
                0x0800af40       0x24 ./USB_Device/App/usbd_desc.o
                0x0800af40                USBD_DFU_LangIDStrDescriptor
 .text.USBD_DFU_ProductStrDescriptor
                0x0800af64       0x3c ./USB_Device/App/usbd_desc.o
                0x0800af64                USBD_DFU_ProductStrDescriptor
 .text.USBD_DFU_ManufacturerStrDescriptor
                0x0800afa0       0x28 ./USB_Device/App/usbd_desc.o
                0x0800afa0                USBD_DFU_ManufacturerStrDescriptor
 .text.USBD_DFU_SerialStrDescriptor
                0x0800afc8       0x24 ./USB_Device/App/usbd_desc.o
                0x0800afc8                USBD_DFU_SerialStrDescriptor
 .text.USBD_DFU_ConfigStrDescriptor
                0x0800afec       0x3c ./USB_Device/App/usbd_desc.o
                0x0800afec                USBD_DFU_ConfigStrDescriptor
 .text.USBD_DFU_InterfaceStrDescriptor
                0x0800b028       0x3c ./USB_Device/App/usbd_desc.o
                0x0800b028                USBD_DFU_InterfaceStrDescriptor
 .text.Get_SerialNum
                0x0800b064       0x58 ./USB_Device/App/usbd_desc.o
 .text.IntToUnicode
                0x0800b0bc       0x7e ./USB_Device/App/usbd_desc.o
 .text.FLASH_If_Init
                0x0800b13a       0x10 ./USB_Device/App/usbd_dfu_flash.o
 .text.FLASH_If_DeInit
                0x0800b14a       0x10 ./USB_Device/App/usbd_dfu_flash.o
 .text.FLASH_If_Erase
                0x0800b15a       0x16 ./USB_Device/App/usbd_dfu_flash.o
 .text.FLASH_If_Write
                0x0800b170       0x1a ./USB_Device/App/usbd_dfu_flash.o
 .text.FLASH_If_Read
                0x0800b18a       0x1c ./USB_Device/App/usbd_dfu_flash.o
 .text.FLASH_If_GetStatus
                0x0800b1a6       0x22 ./USB_Device/App/usbd_dfu_flash.o
 .text.HAL_PCD_MspInit
                0x0800b1c8       0x78 ./USB_Device/Target/usbd_conf.o
                0x0800b1c8                HAL_PCD_MspInit
 .text.HAL_PCD_SetupStageCallback
                0x0800b240       0x24 ./USB_Device/Target/usbd_conf.o
                0x0800b240                HAL_PCD_SetupStageCallback
 .text.HAL_PCD_DataOutStageCallback
                0x0800b264       0x36 ./USB_Device/Target/usbd_conf.o
                0x0800b264                HAL_PCD_DataOutStageCallback
 .text.HAL_PCD_DataInStageCallback
                0x0800b29a       0x34 ./USB_Device/Target/usbd_conf.o
                0x0800b29a                HAL_PCD_DataInStageCallback
 .text.HAL_PCD_SOFCallback
                0x0800b2ce       0x1c ./USB_Device/Target/usbd_conf.o
                0x0800b2ce                HAL_PCD_SOFCallback
 .text.HAL_PCD_ResetCallback
                0x0800b2ea       0x3c ./USB_Device/Target/usbd_conf.o
                0x0800b2ea                HAL_PCD_ResetCallback
 *fill*         0x0800b326        0x2 
 .text.HAL_PCD_SuspendCallback
                0x0800b328       0x34 ./USB_Device/Target/usbd_conf.o
                0x0800b328                HAL_PCD_SuspendCallback
 .text.HAL_PCD_ResumeCallback
                0x0800b35c       0x38 ./USB_Device/Target/usbd_conf.o
                0x0800b35c                HAL_PCD_ResumeCallback
 .text.USBD_LL_Init
                0x0800b394       0x8c ./USB_Device/Target/usbd_conf.o
                0x0800b394                USBD_LL_Init
 .text.USBD_LL_Start
                0x0800b420       0x36 ./USB_Device/Target/usbd_conf.o
                0x0800b420                USBD_LL_Start
 .text.USBD_LL_Stop
                0x0800b456       0x36 ./USB_Device/Target/usbd_conf.o
                0x0800b456                USBD_LL_Stop
 .text.USBD_LL_OpenEP
                0x0800b48c       0x4c ./USB_Device/Target/usbd_conf.o
                0x0800b48c                USBD_LL_OpenEP
 .text.USBD_LL_StallEP
                0x0800b4d8       0x3e ./USB_Device/Target/usbd_conf.o
                0x0800b4d8                USBD_LL_StallEP
 .text.USBD_LL_ClearStallEP
                0x0800b516       0x3e ./USB_Device/Target/usbd_conf.o
                0x0800b516                USBD_LL_ClearStallEP
 .text.USBD_LL_IsStallEP
                0x0800b554       0x58 ./USB_Device/Target/usbd_conf.o
                0x0800b554                USBD_LL_IsStallEP
 .text.USBD_LL_SetUSBAddress
                0x0800b5ac       0x3e ./USB_Device/Target/usbd_conf.o
                0x0800b5ac                USBD_LL_SetUSBAddress
 .text.USBD_LL_Transmit
                0x0800b5ea       0x42 ./USB_Device/Target/usbd_conf.o
                0x0800b5ea                USBD_LL_Transmit
 .text.USBD_LL_PrepareReceive
                0x0800b62c       0x42 ./USB_Device/Target/usbd_conf.o
                0x0800b62c                USBD_LL_PrepareReceive
 *fill*         0x0800b66e        0x2 
 .text.HAL_PCDEx_LPM_Callback
                0x0800b670       0x6c ./USB_Device/Target/usbd_conf.o
                0x0800b670                HAL_PCDEx_LPM_Callback
 .text.USBD_static_malloc
                0x0800b6dc       0x1c ./USB_Device/Target/usbd_conf.o
                0x0800b6dc                USBD_static_malloc
 .text.USBD_static_free
                0x0800b6f8       0x14 ./USB_Device/Target/usbd_conf.o
                0x0800b6f8                USBD_static_free
 .text.SystemClockConfig_Resume
                0x0800b70c        0xc ./USB_Device/Target/usbd_conf.o
 .text.USBD_Get_USB_Status
                0x0800b718       0x58 ./USB_Device/Target/usbd_conf.o
 .text.memset   0x0800b770       0x10 C:/ST/STM32CubeIDE_1.15.0/STM32CubeIDE/plugins/com.st.stm32cube.ide.mcu.externaltools.gnu-tools-for-stm32.12.3.rel1.win32_1.0.100.202403111256/tools/bin/../lib/gcc/arm-none-eabi/12.3.1/../../../../arm-none-eabi/lib/thumb/v7e-m+fp/hard\libc_nano.a(libc_a-memset.o)
                0x0800b770                memset
 .text.__libc_init_array
                0x0800b780       0x48 C:/ST/STM32CubeIDE_1.15.0/STM32CubeIDE/plugins/com.st.stm32cube.ide.mcu.externaltools.gnu-tools-for-stm32.12.3.rel1.win32_1.0.100.202403111256/tools/bin/../lib/gcc/arm-none-eabi/12.3.1/../../../../arm-none-eabi/lib/thumb/v7e-m+fp/hard\libc_nano.a(libc_a-init.o)
                0x0800b780                __libc_init_array
 *(.glue_7)
 .glue_7        0x0800b7c8        0x0 linker stubs
 *(.glue_7t)
 .glue_7t       0x0800b7c8        0x0 linker stubs
 *(.eh_frame)
 .eh_frame      0x0800b7c8        0x0 C:/ST/STM32CubeIDE_1.15.0/STM32CubeIDE/plugins/com.st.stm32cube.ide.mcu.externaltools.gnu-tools-for-stm32.12.3.rel1.win32_1.0.100.202403111256/tools/bin/../lib/gcc/arm-none-eabi/12.3.1/thumb/v7e-m+fp/hard/crtbegin.o
 *(.init)
 .init          0x0800b7c8        0x4 C:/ST/STM32CubeIDE_1.15.0/STM32CubeIDE/plugins/com.st.stm32cube.ide.mcu.externaltools.gnu-tools-for-stm32.12.3.rel1.win32_1.0.100.202403111256/tools/bin/../lib/gcc/arm-none-eabi/12.3.1/thumb/v7e-m+fp/hard/crti.o
                0x0800b7c8                _init
 .init          0x0800b7cc        0x8 C:/ST/STM32CubeIDE_1.15.0/STM32CubeIDE/plugins/com.st.stm32cube.ide.mcu.externaltools.gnu-tools-for-stm32.12.3.rel1.win32_1.0.100.202403111256/tools/bin/../lib/gcc/arm-none-eabi/12.3.1/thumb/v7e-m+fp/hard/crtn.o
 *(.fini)
 .fini          0x0800b7d4        0x4 C:/ST/STM32CubeIDE_1.15.0/STM32CubeIDE/plugins/com.st.stm32cube.ide.mcu.externaltools.gnu-tools-for-stm32.12.3.rel1.win32_1.0.100.202403111256/tools/bin/../lib/gcc/arm-none-eabi/12.3.1/thumb/v7e-m+fp/hard/crti.o
                0x0800b7d4                _fini
 .fini          0x0800b7d8        0x8 C:/ST/STM32CubeIDE_1.15.0/STM32CubeIDE/plugins/com.st.stm32cube.ide.mcu.externaltools.gnu-tools-for-stm32.12.3.rel1.win32_1.0.100.202403111256/tools/bin/../lib/gcc/arm-none-eabi/12.3.1/thumb/v7e-m+fp/hard/crtn.o
                0x0800b7e0                        . = ALIGN (0x4)
                0x0800b7e0                        _etext = .

.vfp11_veneer   0x0800b7e0        0x0
 .vfp11_veneer  0x0800b7e0        0x0 linker stubs

.v4_bx          0x0800b7e0        0x0
 .v4_bx         0x0800b7e0        0x0 linker stubs

.iplt           0x0800b7e0        0x0
 .iplt          0x0800b7e0        0x0 C:/ST/STM32CubeIDE_1.15.0/STM32CubeIDE/plugins/com.st.stm32cube.ide.mcu.externaltools.gnu-tools-for-stm32.12.3.rel1.win32_1.0.100.202403111256/tools/bin/../lib/gcc/arm-none-eabi/12.3.1/thumb/v7e-m+fp/hard/crtbegin.o

.rodata         0x0800b7e0       0xc0
                0x0800b7e0                        . = ALIGN (0x4)
 *(.rodata)
 .rodata        0x0800b7e0       0x4e ./USB_Device/App/usbd_desc.o
 *fill*         0x0800b82e        0x2 
 .rodata        0x0800b830       0x5d ./USB_Device/App/usbd_dfu_flash.o
 *(.rodata*)
 *fill*         0x0800b88d        0x3 
 .rodata.AHBPrescTable
                0x0800b890       0x10 ./Core/Src/system_stm32g4xx.o
                0x0800b890                AHBPrescTable
                0x0800b8a0                        . = ALIGN (0x4)

.ARM.extab      0x0800b8a0        0x0
                0x0800b8a0                        . = ALIGN (0x4)
 *(.ARM.extab* .gnu.linkonce.armextab.*)
                0x0800b8a0                        . = ALIGN (0x4)

.ARM            0x0800b8a0        0x0
                0x0800b8a0                        . = ALIGN (0x4)
                0x0800b8a0                        __exidx_start = .
 *(.ARM.exidx*)
                0x0800b8a0                        __exidx_end = .
                0x0800b8a0                        . = ALIGN (0x4)

.preinit_array  0x0800b8a0        0x0
                0x0800b8a0                        . = ALIGN (0x4)
                0x0800b8a0                        PROVIDE (__preinit_array_start = .)
 *(.preinit_array*)
                0x0800b8a0                        PROVIDE (__preinit_array_end = .)
                0x0800b8a0                        . = ALIGN (0x4)

.init_array     0x0800b8a0        0x4
                0x0800b8a0                        . = ALIGN (0x4)
                0x0800b8a0                        PROVIDE (__init_array_start = .)
 *(SORT_BY_NAME(.init_array.*))
 *(.init_array*)
 .init_array    0x0800b8a0        0x4 C:/ST/STM32CubeIDE_1.15.0/STM32CubeIDE/plugins/com.st.stm32cube.ide.mcu.externaltools.gnu-tools-for-stm32.12.3.rel1.win32_1.0.100.202403111256/tools/bin/../lib/gcc/arm-none-eabi/12.3.1/thumb/v7e-m+fp/hard/crtbegin.o
                0x0800b8a4                        PROVIDE (__init_array_end = .)
                0x0800b8a4                        . = ALIGN (0x4)

.fini_array     0x0800b8a4        0x4
                0x0800b8a4                        . = ALIGN (0x4)
                [!provide]                        PROVIDE (__fini_array_start = .)
 *(SORT_BY_NAME(.fini_array.*))
 *(.fini_array*)
 .fini_array    0x0800b8a4        0x4 C:/ST/STM32CubeIDE_1.15.0/STM32CubeIDE/plugins/com.st.stm32cube.ide.mcu.externaltools.gnu-tools-for-stm32.12.3.rel1.win32_1.0.100.202403111256/tools/bin/../lib/gcc/arm-none-eabi/12.3.1/thumb/v7e-m+fp/hard/crtbegin.o
                [!provide]                        PROVIDE (__fini_array_end = .)
                0x0800b8a8                        . = ALIGN (0x4)
                0x0800b8a8                        _sidata = LOADADDR (.data)

.rel.dyn        0x0800b8a8        0x0
 .rel.iplt      0x0800b8a8        0x0 C:/ST/STM32CubeIDE_1.15.0/STM32CubeIDE/plugins/com.st.stm32cube.ide.mcu.externaltools.gnu-tools-for-stm32.12.3.rel1.win32_1.0.100.202403111256/tools/bin/../lib/gcc/arm-none-eabi/12.3.1/thumb/v7e-m+fp/hard/crtbegin.o

.data           0x20000000       0xe0 load address 0x0800b8a8
                0x20000000                        . = ALIGN (0x4)
                0x20000000                        _sdata = .
 *(.data)
 *(.data*)
 .data.SystemCoreClock
                0x20000000        0x4 ./Core/Src/system_stm32g4xx.o
                0x20000000                SystemCoreClock
 .data.uwTickPrio
                0x20000004        0x4 ./Drivers/STM32G4xx_HAL_Driver/Src/stm32g4xx_hal.o
                0x20000004                uwTickPrio
 .data.uwTickFreq
                0x20000008        0x4 ./Drivers/STM32G4xx_HAL_Driver/Src/stm32g4xx_hal.o
                0x20000008                uwTickFreq
 .data.USBD_DFU
                0x2000000c       0x3c ./Middlewares/ST/STM32_USB_Device_Library/Class/DFU/Src/usbd_dfu.o
                0x2000000c                USBD_DFU
 .data.USBD_DFU_CfgDesc
                0x20000048       0x1b ./Middlewares/ST/STM32_USB_Device_Library/Class/DFU/Src/usbd_dfu.o
 *fill*         0x20000063        0x1 
 .data.USBD_DFU_DeviceQualifierDesc
                0x20000064        0xa ./Middlewares/ST/STM32_USB_Device_Library/Class/DFU/Src/usbd_dfu.o
 *fill*         0x2000006e        0x2 
 .data.DFU_Desc
                0x20000070       0x20 ./USB_Device/App/usbd_desc.o
                0x20000070                DFU_Desc
 .data.USBD_DFU_DeviceDesc
                0x20000090       0x12 ./USB_Device/App/usbd_desc.o
                0x20000090                USBD_DFU_DeviceDesc
 *fill*         0x200000a2        0x2 
 .data.USBD_LangIDDesc
                0x200000a4        0x4 ./USB_Device/App/usbd_desc.o
                0x200000a4                USBD_LangIDDesc
 .data.USBD_StringSerial
                0x200000a8       0x1a ./USB_Device/App/usbd_desc.o
                0x200000a8                USBD_StringSerial
 *fill*         0x200000c2        0x2 
 .data.USBD_DFU_Flash_fops
                0x200000c4       0x1c ./USB_Device/App/usbd_dfu_flash.o
                0x200000c4                USBD_DFU_Flash_fops
 *(.RamFunc)
 *(.RamFunc*)
                0x200000e0                        . = ALIGN (0x4)
                0x200000e0                        _edata = .

.igot.plt       0x200000e0        0x0 load address 0x0800b988
 .igot.plt      0x200000e0        0x0 C:/ST/STM32CubeIDE_1.15.0/STM32CubeIDE/plugins/com.st.stm32cube.ide.mcu.externaltools.gnu-tools-for-stm32.12.3.rel1.win32_1.0.100.202403111256/tools/bin/../lib/gcc/arm-none-eabi/12.3.1/thumb/v7e-m+fp/hard/crtbegin.o
                0x200000e0                        . = ALIGN (0x4)

.bss            0x200000e0     0x1130 load address 0x0800b988
                0x200000e0                        _sbss = .
                0x200000e0                        __bss_start__ = _sbss
 *(.bss)
 .bss           0x200000e0       0x1c C:/ST/STM32CubeIDE_1.15.0/STM32CubeIDE/plugins/com.st.stm32cube.ide.mcu.externaltools.gnu-tools-for-stm32.12.3.rel1.win32_1.0.100.202403111256/tools/bin/../lib/gcc/arm-none-eabi/12.3.1/thumb/v7e-m+fp/hard/crtbegin.o
 *(.bss*)
 .bss.hadc1     0x200000fc       0x6c ./Core/Src/main.o
                0x200000fc                hadc1
 .bss.hadc2     0x20000168       0x6c ./Core/Src/main.o
                0x20000168                hadc2
 .bss.hadc3     0x200001d4       0x6c ./Core/Src/main.o
                0x200001d4                hadc3
 .bss.hadc4     0x20000240       0x6c ./Core/Src/main.o
                0x20000240                hadc4
 .bss.hcordic   0x200002ac       0x28 ./Core/Src/main.o
                0x200002ac                hcordic
 .bss.hdac1     0x200002d4       0x14 ./Core/Src/main.o
                0x200002d4                hdac1
 .bss.hdac2     0x200002e8       0x14 ./Core/Src/main.o
                0x200002e8                hdac2
 .bss.hdac3     0x200002fc       0x14 ./Core/Src/main.o
                0x200002fc                hdac3
 .bss.hdac4     0x20000310       0x14 ./Core/Src/main.o
                0x20000310                hdac4
 .bss.hopamp1   0x20000324       0x3c ./Core/Src/main.o
                0x20000324                hopamp1
 .bss.hopamp4   0x20000360       0x3c ./Core/Src/main.o
                0x20000360                hopamp4
 .bss.hspi2     0x2000039c       0x64 ./Core/Src/main.o
                0x2000039c                hspi2
 .bss.htim1     0x20000400       0x4c ./Core/Src/main.o
                0x20000400                htim1
 .bss.htim3     0x2000044c       0x4c ./Core/Src/main.o
                0x2000044c                htim3
 .bss.htim5     0x20000498       0x4c ./Core/Src/main.o
                0x20000498                htim5
 .bss.htim8     0x200004e4       0x4c ./Core/Src/main.o
                0x200004e4                htim8
 .bss.tim_ct_1  0x20000530        0x2 ./Core/Src/main.o
                0x20000530                tim_ct_1
 .bss.tim_ct_2  0x20000532        0x2 ./Core/Src/main.o
                0x20000532                tim_ct_2
 .bss.tim_ct_3  0x20000534        0x2 ./Core/Src/main.o
                0x20000534                tim_ct_3
 .bss.tim_ct_4  0x20000536        0x2 ./Core/Src/main.o
                0x20000536                tim_ct_4
 .bss.HAL_RCC_ADC12_CLK_ENABLED
                0x20000538        0x4 ./Core/Src/stm32g4xx_hal_msp.o
 .bss.HAL_RCC_ADC345_CLK_ENABLED
                0x2000053c        0x4 ./Core/Src/stm32g4xx_hal_msp.o
 .bss.uwTick    0x20000540        0x4 ./Drivers/STM32G4xx_HAL_Driver/Src/stm32g4xx_hal.o
                0x20000540                uwTick
 .bss.USBD_StrDesc.0
                0x20000544       0xff ./Middlewares/ST/STM32_USB_Device_Library/Class/DFU/Src/usbd_dfu.o
 .bss.cfgidx.0  0x20000643        0x1 ./Middlewares/ST/STM32_USB_Device_Library/Core/Src/usbd_ctlreq.o
 .bss.hUsbDeviceFS
                0x20000644      0x2d0 ./USB_Device/App/usb_device.o
                0x20000644                hUsbDeviceFS
 .bss.USBD_StrDesc
                0x20000914      0x200 ./USB_Device/App/usbd_desc.o
                0x20000914                USBD_StrDesc
 .bss.hpcd_USB_FS
                0x20000b14      0x2dc ./USB_Device/Target/usbd_conf.o
                0x20000b14                hpcd_USB_FS
 .bss.mem.0     0x20000df0      0x420 ./USB_Device/Target/usbd_conf.o
 *(COMMON)
                0x20001210                        . = ALIGN (0x4)
                0x20001210                        _ebss = .
                0x20001210                        __bss_end__ = _ebss

._user_heap_stack
                0x20001210      0x600 load address 0x0800b988
                0x20001210                        . = ALIGN (0x8)
                [!provide]                        PROVIDE (end = .)
                0x20001210                        PROVIDE (_end = .)
                0x20001410                        . = (. + _Min_Heap_Size)
 *fill*         0x20001210      0x200 
                0x20001810                        . = (. + _Min_Stack_Size)
 *fill*         0x20001410      0x400 
                0x20001810                        . = ALIGN (0x8)

/DISCARD/
 libc.a(*)
 libm.a(*)
 libgcc.a(*)

.ARM.attributes
                0x00000000       0x30
 *(.ARM.attributes)
 .ARM.attributes
                0x00000000       0x22 C:/ST/STM32CubeIDE_1.15.0/STM32CubeIDE/plugins/com.st.stm32cube.ide.mcu.externaltools.gnu-tools-for-stm32.12.3.rel1.win32_1.0.100.202403111256/tools/bin/../lib/gcc/arm-none-eabi/12.3.1/thumb/v7e-m+fp/hard/crti.o
 .ARM.attributes
                0x00000022       0x34 C:/ST/STM32CubeIDE_1.15.0/STM32CubeIDE/plugins/com.st.stm32cube.ide.mcu.externaltools.gnu-tools-for-stm32.12.3.rel1.win32_1.0.100.202403111256/tools/bin/../lib/gcc/arm-none-eabi/12.3.1/thumb/v7e-m+fp/hard/crtbegin.o
 .ARM.attributes
                0x00000056       0x34 ./Core/Src/main.o
 .ARM.attributes
                0x0000008a       0x34 ./Core/Src/stm32g4xx_hal_msp.o
 .ARM.attributes
                0x000000be       0x34 ./Core/Src/stm32g4xx_it.o
 .ARM.attributes
                0x000000f2       0x34 ./Core/Src/system_stm32g4xx.o
 .ARM.attributes
                0x00000126       0x21 ./Core/Startup/startup_stm32g473cbtx.o
 .ARM.attributes
                0x00000147       0x34 ./Drivers/STM32G4xx_HAL_Driver/Src/stm32g4xx_hal.o
 .ARM.attributes
                0x0000017b       0x34 ./Drivers/STM32G4xx_HAL_Driver/Src/stm32g4xx_hal_adc.o
 .ARM.attributes
                0x000001af       0x34 ./Drivers/STM32G4xx_HAL_Driver/Src/stm32g4xx_hal_adc_ex.o
 .ARM.attributes
                0x000001e3       0x34 ./Drivers/STM32G4xx_HAL_Driver/Src/stm32g4xx_hal_cordic.o
 .ARM.attributes
                0x00000217       0x34 ./Drivers/STM32G4xx_HAL_Driver/Src/stm32g4xx_hal_cortex.o
 .ARM.attributes
                0x0000024b       0x34 ./Drivers/STM32G4xx_HAL_Driver/Src/stm32g4xx_hal_dac.o
 .ARM.attributes
                0x0000027f       0x34 ./Drivers/STM32G4xx_HAL_Driver/Src/stm32g4xx_hal_gpio.o
 .ARM.attributes
                0x000002b3       0x34 ./Drivers/STM32G4xx_HAL_Driver/Src/stm32g4xx_hal_opamp.o
 .ARM.attributes
                0x000002e7       0x34 ./Drivers/STM32G4xx_HAL_Driver/Src/stm32g4xx_hal_pcd.o
 .ARM.attributes
                0x0000031b       0x34 ./Drivers/STM32G4xx_HAL_Driver/Src/stm32g4xx_hal_pcd_ex.o
 .ARM.attributes
                0x0000034f       0x34 ./Drivers/STM32G4xx_HAL_Driver/Src/stm32g4xx_hal_pwr.o
 .ARM.attributes
                0x00000383       0x34 ./Drivers/STM32G4xx_HAL_Driver/Src/stm32g4xx_hal_pwr_ex.o
 .ARM.attributes
                0x000003b7       0x34 ./Drivers/STM32G4xx_HAL_Driver/Src/stm32g4xx_hal_rcc.o
 .ARM.attributes
                0x000003eb       0x34 ./Drivers/STM32G4xx_HAL_Driver/Src/stm32g4xx_hal_rcc_ex.o
 .ARM.attributes
                0x0000041f       0x34 ./Drivers/STM32G4xx_HAL_Driver/Src/stm32g4xx_hal_spi.o
 .ARM.attributes
                0x00000453       0x34 ./Drivers/STM32G4xx_HAL_Driver/Src/stm32g4xx_hal_tim.o
 .ARM.attributes
                0x00000487       0x34 ./Drivers/STM32G4xx_HAL_Driver/Src/stm32g4xx_hal_tim_ex.o
 .ARM.attributes
                0x000004bb       0x34 ./Drivers/STM32G4xx_HAL_Driver/Src/stm32g4xx_ll_usb.o
 .ARM.attributes
                0x000004ef       0x34 ./Middlewares/ST/STM32_USB_Device_Library/Class/DFU/Src/usbd_dfu.o
 .ARM.attributes
                0x00000523       0x34 ./Middlewares/ST/STM32_USB_Device_Library/Core/Src/usbd_core.o
 .ARM.attributes
                0x00000557       0x34 ./Middlewares/ST/STM32_USB_Device_Library/Core/Src/usbd_ctlreq.o
 .ARM.attributes
                0x0000058b       0x34 ./Middlewares/ST/STM32_USB_Device_Library/Core/Src/usbd_ioreq.o
 .ARM.attributes
                0x000005bf       0x34 ./USB_Device/App/usb_device.o
 .ARM.attributes
                0x000005f3       0x34 ./USB_Device/App/usbd_desc.o
 .ARM.attributes
                0x00000627       0x34 ./USB_Device/App/usbd_dfu_flash.o
 .ARM.attributes
                0x0000065b       0x34 ./USB_Device/Target/usbd_conf.o
 .ARM.attributes
                0x0000068f       0x34 C:/ST/STM32CubeIDE_1.15.0/STM32CubeIDE/plugins/com.st.stm32cube.ide.mcu.externaltools.gnu-tools-for-stm32.12.3.rel1.win32_1.0.100.202403111256/tools/bin/../lib/gcc/arm-none-eabi/12.3.1/../../../../arm-none-eabi/lib/thumb/v7e-m+fp/hard\libc_nano.a(libc_a-memset.o)
 .ARM.attributes
                0x000006c3       0x34 C:/ST/STM32CubeIDE_1.15.0/STM32CubeIDE/plugins/com.st.stm32cube.ide.mcu.externaltools.gnu-tools-for-stm32.12.3.rel1.win32_1.0.100.202403111256/tools/bin/../lib/gcc/arm-none-eabi/12.3.1/../../../../arm-none-eabi/lib/thumb/v7e-m+fp/hard\libc_nano.a(libc_a-init.o)
 .ARM.attributes
                0x000006f7       0x22 C:/ST/STM32CubeIDE_1.15.0/STM32CubeIDE/plugins/com.st.stm32cube.ide.mcu.externaltools.gnu-tools-for-stm32.12.3.rel1.win32_1.0.100.202403111256/tools/bin/../lib/gcc/arm-none-eabi/12.3.1/thumb/v7e-m+fp/hard/crtn.o
OUTPUT(DRC.elf elf32-littlearm)
LOAD linker stubs
LOAD C:/ST/STM32CubeIDE_1.15.0/STM32CubeIDE/plugins/com.st.stm32cube.ide.mcu.externaltools.gnu-tools-for-stm32.12.3.rel1.win32_1.0.100.202403111256/tools/bin/../lib/gcc/arm-none-eabi/12.3.1/../../../../arm-none-eabi/lib/thumb/v7e-m+fp/hard\libc.a
LOAD C:/ST/STM32CubeIDE_1.15.0/STM32CubeIDE/plugins/com.st.stm32cube.ide.mcu.externaltools.gnu-tools-for-stm32.12.3.rel1.win32_1.0.100.202403111256/tools/bin/../lib/gcc/arm-none-eabi/12.3.1/../../../../arm-none-eabi/lib/thumb/v7e-m+fp/hard\libm.a
LOAD C:/ST/STM32CubeIDE_1.15.0/STM32CubeIDE/plugins/com.st.stm32cube.ide.mcu.externaltools.gnu-tools-for-stm32.12.3.rel1.win32_1.0.100.202403111256/tools/bin/../lib/gcc/arm-none-eabi/12.3.1/thumb/v7e-m+fp/hard\libgcc.a

.debug_info     0x00000000    0x1f18d
 .debug_info    0x00000000     0x258a ./Core/Src/main.o
 .debug_info    0x0000258a     0x21c1 ./Core/Src/stm32g4xx_hal_msp.o
 .debug_info    0x0000474b      0xe2a ./Core/Src/stm32g4xx_it.o
 .debug_info    0x00005575      0x58e ./Core/Src/system_stm32g4xx.o
 .debug_info    0x00005b03       0x30 ./Core/Startup/startup_stm32g473cbtx.o
 .debug_info    0x00005b33      0xb65 ./Drivers/STM32G4xx_HAL_Driver/Src/stm32g4xx_hal.o
 .debug_info    0x00006698     0x2063 ./Drivers/STM32G4xx_HAL_Driver/Src/stm32g4xx_hal_adc.o
 .debug_info    0x000086fb     0x1d80 ./Drivers/STM32G4xx_HAL_Driver/Src/stm32g4xx_hal_adc_ex.o
 .debug_info    0x0000a47b      0xacf ./Drivers/STM32G4xx_HAL_Driver/Src/stm32g4xx_hal_cordic.o
 .debug_info    0x0000af4a      0xd7d ./Drivers/STM32G4xx_HAL_Driver/Src/stm32g4xx_hal_cortex.o
 .debug_info    0x0000bcc7      0xcbc ./Drivers/STM32G4xx_HAL_Driver/Src/stm32g4xx_hal_dac.o
 .debug_info    0x0000c983      0x763 ./Drivers/STM32G4xx_HAL_Driver/Src/stm32g4xx_hal_gpio.o
 .debug_info    0x0000d0e6      0x76a ./Drivers/STM32G4xx_HAL_Driver/Src/stm32g4xx_hal_opamp.o
 .debug_info    0x0000d850     0x161b ./Drivers/STM32G4xx_HAL_Driver/Src/stm32g4xx_hal_pcd.o
 .debug_info    0x0000ee6b      0x80a ./Drivers/STM32G4xx_HAL_Driver/Src/stm32g4xx_hal_pcd_ex.o
 .debug_info    0x0000f675      0x935 ./Drivers/STM32G4xx_HAL_Driver/Src/stm32g4xx_hal_pwr.o
 .debug_info    0x0000ffaa      0x93f ./Drivers/STM32G4xx_HAL_Driver/Src/stm32g4xx_hal_pwr_ex.o
 .debug_info    0x000108e9      0xbe0 ./Drivers/STM32G4xx_HAL_Driver/Src/stm32g4xx_hal_rcc.o
 .debug_info    0x000114c9      0xc45 ./Drivers/STM32G4xx_HAL_Driver/Src/stm32g4xx_hal_rcc_ex.o
 .debug_info    0x0001210e     0x1748 ./Drivers/STM32G4xx_HAL_Driver/Src/stm32g4xx_hal_spi.o
 .debug_info    0x00013856     0x2c52 ./Drivers/STM32G4xx_HAL_Driver/Src/stm32g4xx_hal_tim.o
 .debug_info    0x000164a8     0x1d95 ./Drivers/STM32G4xx_HAL_Driver/Src/stm32g4xx_hal_tim_ex.o
 .debug_info    0x0001823d     0x166b ./Drivers/STM32G4xx_HAL_Driver/Src/stm32g4xx_ll_usb.o
 .debug_info    0x000198a8      0xfa3 ./Middlewares/ST/STM32_USB_Device_Library/Class/DFU/Src/usbd_dfu.o
 .debug_info    0x0001a84b      0xb45 ./Middlewares/ST/STM32_USB_Device_Library/Core/Src/usbd_core.o
 .debug_info    0x0001b390      0xa81 ./Middlewares/ST/STM32_USB_Device_Library/Core/Src/usbd_ctlreq.o
 .debug_info    0x0001be11      0x74a ./Middlewares/ST/STM32_USB_Device_Library/Core/Src/usbd_ioreq.o
 .debug_info    0x0001c55b      0x71c ./USB_Device/App/usb_device.o
 .debug_info    0x0001cc77      0x45f ./USB_Device/App/usbd_desc.o
 .debug_info    0x0001d0d6      0x311 ./USB_Device/App/usbd_dfu_flash.o
 .debug_info    0x0001d3e7     0x1da6 ./USB_Device/Target/usbd_conf.o

.debug_abbrev   0x00000000     0x45e9
 .debug_abbrev  0x00000000      0x2fd ./Core/Src/main.o
 .debug_abbrev  0x000002fd      0x28e ./Core/Src/stm32g4xx_hal_msp.o
 .debug_abbrev  0x0000058b      0x211 ./Core/Src/stm32g4xx_it.o
 .debug_abbrev  0x0000079c      0x11a ./Core/Src/system_stm32g4xx.o
 .debug_abbrev  0x000008b6       0x24 ./Core/Startup/startup_stm32g473cbtx.o
 .debug_abbrev  0x000008da      0x271 ./Drivers/STM32G4xx_HAL_Driver/Src/stm32g4xx_hal.o
 .debug_abbrev  0x00000b4b      0x2d3 ./Drivers/STM32G4xx_HAL_Driver/Src/stm32g4xx_hal_adc.o
 .debug_abbrev  0x00000e1e      0x2ee ./Drivers/STM32G4xx_HAL_Driver/Src/stm32g4xx_hal_adc_ex.o
 .debug_abbrev  0x0000110c      0x227 ./Drivers/STM32G4xx_HAL_Driver/Src/stm32g4xx_hal_cordic.o
 .debug_abbrev  0x00001333      0x31c ./Drivers/STM32G4xx_HAL_Driver/Src/stm32g4xx_hal_cortex.o
 .debug_abbrev  0x0000164f      0x231 ./Drivers/STM32G4xx_HAL_Driver/Src/stm32g4xx_hal_dac.o
 .debug_abbrev  0x00001880      0x1cb ./Drivers/STM32G4xx_HAL_Driver/Src/stm32g4xx_hal_gpio.o
 .debug_abbrev  0x00001a4b      0x1a6 ./Drivers/STM32G4xx_HAL_Driver/Src/stm32g4xx_hal_opamp.o
 .debug_abbrev  0x00001bf1      0x2b9 ./Drivers/STM32G4xx_HAL_Driver/Src/stm32g4xx_hal_pcd.o
 .debug_abbrev  0x00001eaa      0x228 ./Drivers/STM32G4xx_HAL_Driver/Src/stm32g4xx_hal_pcd_ex.o
 .debug_abbrev  0x000020d2      0x1c8 ./Drivers/STM32G4xx_HAL_Driver/Src/stm32g4xx_hal_pwr.o
 .debug_abbrev  0x0000229a      0x22c ./Drivers/STM32G4xx_HAL_Driver/Src/stm32g4xx_hal_pwr_ex.o
 .debug_abbrev  0x000024c6      0x2c9 ./Drivers/STM32G4xx_HAL_Driver/Src/stm32g4xx_hal_rcc.o
 .debug_abbrev  0x0000278f      0x258 ./Drivers/STM32G4xx_HAL_Driver/Src/stm32g4xx_hal_rcc_ex.o
 .debug_abbrev  0x000029e7      0x267 ./Drivers/STM32G4xx_HAL_Driver/Src/stm32g4xx_hal_spi.o
 .debug_abbrev  0x00002c4e      0x2a7 ./Drivers/STM32G4xx_HAL_Driver/Src/stm32g4xx_hal_tim.o
 .debug_abbrev  0x00002ef5      0x2c5 ./Drivers/STM32G4xx_HAL_Driver/Src/stm32g4xx_hal_tim_ex.o
 .debug_abbrev  0x000031ba      0x247 ./Drivers/STM32G4xx_HAL_Driver/Src/stm32g4xx_ll_usb.o
 .debug_abbrev  0x00003401      0x352 ./Middlewares/ST/STM32_USB_Device_Library/Class/DFU/Src/usbd_dfu.o
 .debug_abbrev  0x00003753      0x24f ./Middlewares/ST/STM32_USB_Device_Library/Core/Src/usbd_core.o
 .debug_abbrev  0x000039a2      0x27e ./Middlewares/ST/STM32_USB_Device_Library/Core/Src/usbd_ctlreq.o
 .debug_abbrev  0x00003c20      0x1a9 ./Middlewares/ST/STM32_USB_Device_Library/Core/Src/usbd_ioreq.o
 .debug_abbrev  0x00003dc9      0x1bb ./USB_Device/App/usb_device.o
 .debug_abbrev  0x00003f84      0x20e ./USB_Device/App/usbd_desc.o
 .debug_abbrev  0x00004192      0x122 ./USB_Device/App/usbd_dfu_flash.o
 .debug_abbrev  0x000042b4      0x335 ./USB_Device/Target/usbd_conf.o

.debug_aranges  0x00000000     0x1c70
 .debug_aranges
                0x00000000       0xc0 ./Core/Src/main.o
 .debug_aranges
                0x000000c0       0x80 ./Core/Src/stm32g4xx_hal_msp.o
 .debug_aranges
                0x00000140       0xa0 ./Core/Src/stm32g4xx_it.o
 .debug_aranges
                0x000001e0       0x28 ./Core/Src/system_stm32g4xx.o
 .debug_aranges
                0x00000208       0x28 ./Core/Startup/startup_stm32g473cbtx.o
 .debug_aranges
                0x00000230      0x148 ./Drivers/STM32G4xx_HAL_Driver/Src/stm32g4xx_hal.o
 .debug_aranges
                0x00000378      0x248 ./Drivers/STM32G4xx_HAL_Driver/Src/stm32g4xx_hal_adc.o
 .debug_aranges
                0x000005c0      0x1c0 ./Drivers/STM32G4xx_HAL_Driver/Src/stm32g4xx_hal_adc_ex.o
 .debug_aranges
                0x00000780       0xb0 ./Drivers/STM32G4xx_HAL_Driver/Src/stm32g4xx_hal_cordic.o
 .debug_aranges
                0x00000830      0x118 ./Drivers/STM32G4xx_HAL_Driver/Src/stm32g4xx_hal_cortex.o
 .debug_aranges
                0x00000948       0xc0 ./Drivers/STM32G4xx_HAL_Driver/Src/stm32g4xx_hal_dac.o
 .debug_aranges
                0x00000a08       0x58 ./Drivers/STM32G4xx_HAL_Driver/Src/stm32g4xx_hal_gpio.o
 .debug_aranges
                0x00000a60       0x70 ./Drivers/STM32G4xx_HAL_Driver/Src/stm32g4xx_hal_opamp.o
 .debug_aranges
                0x00000ad0      0x138 ./Drivers/STM32G4xx_HAL_Driver/Src/stm32g4xx_hal_pcd.o
 .debug_aranges
                0x00000c08       0x58 ./Drivers/STM32G4xx_HAL_Driver/Src/stm32g4xx_hal_pcd_ex.o
 .debug_aranges
                0x00000c60       0x98 ./Drivers/STM32G4xx_HAL_Driver/Src/stm32g4xx_hal_pwr.o
 .debug_aranges
                0x00000cf8      0x140 ./Drivers/STM32G4xx_HAL_Driver/Src/stm32g4xx_hal_pwr_ex.o
 .debug_aranges
                0x00000e38       0x98 ./Drivers/STM32G4xx_HAL_Driver/Src/stm32g4xx_hal_rcc.o
 .debug_aranges
                0x00000ed0       0xb0 ./Drivers/STM32G4xx_HAL_Driver/Src/stm32g4xx_hal_rcc_ex.o
 .debug_aranges
                0x00000f80      0x1d8 ./Drivers/STM32G4xx_HAL_Driver/Src/stm32g4xx_hal_spi.o
 .debug_aranges
                0x00001158      0x3e0 ./Drivers/STM32G4xx_HAL_Driver/Src/stm32g4xx_hal_tim.o
 .debug_aranges
                0x00001538      0x240 ./Drivers/STM32G4xx_HAL_Driver/Src/stm32g4xx_hal_tim_ex.o
 .debug_aranges
                0x00001778       0xc8 ./Drivers/STM32G4xx_HAL_Driver/Src/stm32g4xx_ll_usb.o
 .debug_aranges
                0x00001840       0xb0 ./Middlewares/ST/STM32_USB_Device_Library/Class/DFU/Src/usbd_dfu.o
 .debug_aranges
                0x000018f0       0xb8 ./Middlewares/ST/STM32_USB_Device_Library/Core/Src/usbd_core.o
 .debug_aranges
                0x000019a8       0x90 ./Middlewares/ST/STM32_USB_Device_Library/Core/Src/usbd_ctlreq.o
 .debug_aranges
                0x00001a38       0x50 ./Middlewares/ST/STM32_USB_Device_Library/Core/Src/usbd_ioreq.o
 .debug_aranges
                0x00001a88       0x20 ./USB_Device/App/usb_device.o
 .debug_aranges
                0x00001aa8       0x60 ./USB_Device/App/usbd_desc.o
 .debug_aranges
                0x00001b08       0x48 ./USB_Device/App/usbd_dfu_flash.o
 .debug_aranges
                0x00001b50      0x120 ./USB_Device/Target/usbd_conf.o

.debug_rnglists
                0x00000000     0x15ba
 .debug_rnglists
                0x00000000       0x95 ./Core/Src/main.o
 .debug_rnglists
                0x00000095       0x63 ./Core/Src/stm32g4xx_hal_msp.o
 .debug_rnglists
                0x000000f8       0x73 ./Core/Src/stm32g4xx_it.o
 .debug_rnglists
                0x0000016b       0x1a ./Core/Src/system_stm32g4xx.o
 .debug_rnglists
                0x00000185       0x19 ./Core/Startup/startup_stm32g473cbtx.o
 .debug_rnglists
                0x0000019e       0xf1 ./Drivers/STM32G4xx_HAL_Driver/Src/stm32g4xx_hal.o
 .debug_rnglists
                0x0000028f      0x1c0 ./Drivers/STM32G4xx_HAL_Driver/Src/stm32g4xx_hal_adc.o
 .debug_rnglists
                0x0000044f      0x15a ./Drivers/STM32G4xx_HAL_Driver/Src/stm32g4xx_hal_adc_ex.o
 .debug_rnglists
                0x000005a9       0x84 ./Drivers/STM32G4xx_HAL_Driver/Src/stm32g4xx_hal_cordic.o
 .debug_rnglists
                0x0000062d       0xce ./Drivers/STM32G4xx_HAL_Driver/Src/stm32g4xx_hal_cortex.o
 .debug_rnglists
                0x000006fb       0x90 ./Drivers/STM32G4xx_HAL_Driver/Src/stm32g4xx_hal_dac.o
 .debug_rnglists
                0x0000078b       0x3f ./Drivers/STM32G4xx_HAL_Driver/Src/stm32g4xx_hal_gpio.o
 .debug_rnglists
                0x000007ca       0x52 ./Drivers/STM32G4xx_HAL_Driver/Src/stm32g4xx_hal_opamp.o
 .debug_rnglists
                0x0000081c       0xee ./Drivers/STM32G4xx_HAL_Driver/Src/stm32g4xx_hal_pcd.o
 .debug_rnglists
                0x0000090a       0x3f ./Drivers/STM32G4xx_HAL_Driver/Src/stm32g4xx_hal_pcd_ex.o
 .debug_rnglists
                0x00000949       0x6e ./Drivers/STM32G4xx_HAL_Driver/Src/stm32g4xx_hal_pwr.o
 .debug_rnglists
                0x000009b7       0xf1 ./Drivers/STM32G4xx_HAL_Driver/Src/stm32g4xx_hal_pwr_ex.o
 .debug_rnglists
                0x00000aa8       0x74 ./Drivers/STM32G4xx_HAL_Driver/Src/stm32g4xx_hal_rcc.o
 .debug_rnglists
                0x00000b1c       0x87 ./Drivers/STM32G4xx_HAL_Driver/Src/stm32g4xx_hal_rcc_ex.o
 .debug_rnglists
                0x00000ba3      0x178 ./Drivers/STM32G4xx_HAL_Driver/Src/stm32g4xx_hal_spi.o
 .debug_rnglists
                0x00000d1b      0x328 ./Drivers/STM32G4xx_HAL_Driver/Src/stm32g4xx_hal_tim.o
 .debug_rnglists
                0x00001043      0x1cc ./Drivers/STM32G4xx_HAL_Driver/Src/stm32g4xx_hal_tim_ex.o
 .debug_rnglists
                0x0000120f       0x99 ./Drivers/STM32G4xx_HAL_Driver/Src/stm32g4xx_ll_usb.o
 .debug_rnglists
                0x000012a8       0x89 ./Middlewares/ST/STM32_USB_Device_Library/Class/DFU/Src/usbd_dfu.o
 .debug_rnglists
                0x00001331       0x89 ./Middlewares/ST/STM32_USB_Device_Library/Core/Src/usbd_core.o
 .debug_rnglists
                0x000013ba       0x6e ./Middlewares/ST/STM32_USB_Device_Library/Core/Src/usbd_ctlreq.o
 .debug_rnglists
                0x00001428       0x37 ./Middlewares/ST/STM32_USB_Device_Library/Core/Src/usbd_ioreq.o
 .debug_rnglists
                0x0000145f       0x13 ./USB_Device/App/usb_device.o
 .debug_rnglists
                0x00001472       0x43 ./USB_Device/App/usbd_desc.o
 .debug_rnglists
                0x000014b5       0x31 ./USB_Device/App/usbd_dfu_flash.o
 .debug_rnglists
                0x000014e6       0xd4 ./USB_Device/Target/usbd_conf.o

.debug_macro    0x00000000    0x267ac
 .debug_macro   0x00000000      0x3bc ./Core/Src/main.o
 .debug_macro   0x000003bc      0xab4 ./Core/Src/main.o
 .debug_macro   0x00000e70      0x179 ./Core/Src/main.o
 .debug_macro   0x00000fe9       0x2e ./Core/Src/main.o
 .debug_macro   0x00001017       0x28 ./Core/Src/main.o
 .debug_macro   0x0000103f       0x22 ./Core/Src/main.o
 .debug_macro   0x00001061       0x8e ./Core/Src/main.o
 .debug_macro   0x000010ef       0x51 ./Core/Src/main.o
 .debug_macro   0x00001140      0x103 ./Core/Src/main.o
 .debug_macro   0x00001243       0x6a ./Core/Src/main.o
 .debug_macro   0x000012ad      0x1df ./Core/Src/main.o
 .debug_macro   0x0000148c       0x1c ./Core/Src/main.o
 .debug_macro   0x000014a8       0x22 ./Core/Src/main.o
 .debug_macro   0x000014ca       0xfb ./Core/Src/main.o
 .debug_macro   0x000015c5     0x1011 ./Core/Src/main.o
 .debug_macro   0x000025d6      0x11f ./Core/Src/main.o
 .debug_macro   0x000026f5    0x130a0 ./Core/Src/main.o
 .debug_macro   0x00015795       0x6d ./Core/Src/main.o
 .debug_macro   0x00015802     0x354d ./Core/Src/main.o
 .debug_macro   0x00018d4f      0x189 ./Core/Src/main.o
 .debug_macro   0x00018ed8       0x5c ./Core/Src/main.o
 .debug_macro   0x00018f34     0x16d9 ./Core/Src/main.o
 .debug_macro   0x0001a60d      0x600 ./Core/Src/main.o
 .debug_macro   0x0001ac0d      0x1b6 ./Core/Src/main.o
 .debug_macro   0x0001adc3      0x336 ./Core/Src/main.o
 .debug_macro   0x0001b0f9      0x50b ./Core/Src/main.o
 .debug_macro   0x0001b604      0x18b ./Core/Src/main.o
 .debug_macro   0x0001b78f       0x43 ./Core/Src/main.o
 .debug_macro   0x0001b7d2      0x23d ./Core/Src/main.o
 .debug_macro   0x0001ba0f     0x1112 ./Core/Src/main.o
 .debug_macro   0x0001cb21      0x72e ./Core/Src/main.o
 .debug_macro   0x0001d24f      0x391 ./Core/Src/main.o
 .debug_macro   0x0001d5e0      0x1f4 ./Core/Src/main.o
 .debug_macro   0x0001d7d4      0x209 ./Core/Src/main.o
 .debug_macro   0x0001d9dd      0x108 ./Core/Src/main.o
 .debug_macro   0x0001dae5      0x211 ./Core/Src/main.o
 .debug_macro   0x0001dcf6      0x45c ./Core/Src/main.o
 .debug_macro   0x0001e152      0x11c ./Core/Src/main.o
 .debug_macro   0x0001e26e      0x1b5 ./Core/Src/main.o
 .debug_macro   0x0001e423       0x73 ./Core/Src/main.o
 .debug_macro   0x0001e496      0x22d ./Core/Src/main.o
 .debug_macro   0x0001e6c3      0x122 ./Core/Src/main.o
 .debug_macro   0x0001e7e5      0x3d1 ./Core/Src/main.o
 .debug_macro   0x0001ebb6      0x2fe ./Core/Src/main.o
 .debug_macro   0x0001eeb4      0xc0b ./Core/Src/main.o
 .debug_macro   0x0001fabf      0x718 ./Core/Src/main.o
 .debug_macro   0x000201d7      0x34a ./Core/Src/main.o
 .debug_macro   0x00020521       0x8e ./Core/Src/main.o
 .debug_macro   0x000205af       0x61 ./Core/Src/main.o
 .debug_macro   0x00020610       0x2a ./Core/Src/main.o
 .debug_macro   0x0002063a       0x43 ./Core/Src/main.o
 .debug_macro   0x0002067d       0x34 ./Core/Src/main.o
 .debug_macro   0x000206b1       0x16 ./Core/Src/main.o
 .debug_macro   0x000206c7       0x35 ./Core/Src/main.o
 .debug_macro   0x000206fc      0x369 ./Core/Src/main.o
 .debug_macro   0x00020a65       0x10 ./Core/Src/main.o
 .debug_macro   0x00020a75       0x16 ./Core/Src/main.o
 .debug_macro   0x00020a8b       0x43 ./Core/Src/main.o
 .debug_macro   0x00020ace       0x34 ./Core/Src/main.o
 .debug_macro   0x00020b02       0x10 ./Core/Src/main.o
 .debug_macro   0x00020b12       0x58 ./Core/Src/main.o
 .debug_macro   0x00020b6a       0x8e ./Core/Src/main.o
 .debug_macro   0x00020bf8       0x1c ./Core/Src/main.o
 .debug_macro   0x00020c14      0x177 ./Core/Src/main.o
 .debug_macro   0x00020d8b       0x16 ./Core/Src/main.o
 .debug_macro   0x00020da1       0x16 ./Core/Src/main.o
 .debug_macro   0x00020db7      0x146 ./Core/Src/main.o
 .debug_macro   0x00020efd       0x16 ./Core/Src/main.o
 .debug_macro   0x00020f13       0x16 ./Core/Src/main.o
 .debug_macro   0x00020f29       0x29 ./Core/Src/main.o
 .debug_macro   0x00020f52       0x16 ./Core/Src/main.o
 .debug_macro   0x00020f68       0x20 ./Core/Src/main.o
 .debug_macro   0x00020f88       0x78 ./Core/Src/main.o
 .debug_macro   0x00021000      0x1e9 ./Core/Src/main.o
 .debug_macro   0x000211e9      0x258 ./Core/Src/stm32g4xx_hal_msp.o
 .debug_macro   0x00021441      0x262 ./Core/Src/stm32g4xx_it.o
 .debug_macro   0x000216a3      0x249 ./Core/Src/system_stm32g4xx.o
 .debug_macro   0x000218ec      0x297 ./Drivers/STM32G4xx_HAL_Driver/Src/stm32g4xx_hal.o
 .debug_macro   0x00021b83      0x266 ./Drivers/STM32G4xx_HAL_Driver/Src/stm32g4xx_hal_adc.o
 .debug_macro   0x00021de9      0x255 ./Drivers/STM32G4xx_HAL_Driver/Src/stm32g4xx_hal_adc_ex.o
 .debug_macro   0x0002203e      0x24a ./Drivers/STM32G4xx_HAL_Driver/Src/stm32g4xx_hal_cordic.o
 .debug_macro   0x00022288      0x249 ./Drivers/STM32G4xx_HAL_Driver/Src/stm32g4xx_hal_cortex.o
 .debug_macro   0x000224d1      0x25f ./Drivers/STM32G4xx_HAL_Driver/Src/stm32g4xx_hal_dac.o
 .debug_macro   0x00022730      0x250 ./Drivers/STM32G4xx_HAL_Driver/Src/stm32g4xx_hal_gpio.o
 .debug_macro   0x00022980      0x266 ./Drivers/STM32G4xx_HAL_Driver/Src/stm32g4xx_hal_opamp.o
 .debug_macro   0x00022be6      0x255 ./Drivers/STM32G4xx_HAL_Driver/Src/stm32g4xx_hal_pcd.o
 .debug_macro   0x00022e3b      0x249 ./Drivers/STM32G4xx_HAL_Driver/Src/stm32g4xx_hal_pcd_ex.o
 .debug_macro   0x00023084      0x261 ./Drivers/STM32G4xx_HAL_Driver/Src/stm32g4xx_hal_pwr.o
 .debug_macro   0x000232e5      0x273 ./Drivers/STM32G4xx_HAL_Driver/Src/stm32g4xx_hal_pwr_ex.o
 .debug_macro   0x00023558      0x28b ./Drivers/STM32G4xx_HAL_Driver/Src/stm32g4xx_hal_rcc.o
 .debug_macro   0x000237e3      0x273 ./Drivers/STM32G4xx_HAL_Driver/Src/stm32g4xx_hal_rcc_ex.o
 .debug_macro   0x00023a56      0x251 ./Drivers/STM32G4xx_HAL_Driver/Src/stm32g4xx_hal_spi.o
 .debug_macro   0x00023ca7      0x251 ./Drivers/STM32G4xx_HAL_Driver/Src/stm32g4xx_hal_tim.o
 .debug_macro   0x00023ef8      0x24f ./Drivers/STM32G4xx_HAL_Driver/Src/stm32g4xx_hal_tim_ex.o
 .debug_macro   0x00024147      0x249 ./Drivers/STM32G4xx_HAL_Driver/Src/stm32g4xx_ll_usb.o
 .debug_macro   0x00024390      0x3d8 ./Middlewares/ST/STM32_USB_Device_Library/Class/DFU/Src/usbd_dfu.o
 .debug_macro   0x00024768       0x9e ./Middlewares/ST/STM32_USB_Device_Library/Class/DFU/Src/usbd_dfu.o
 .debug_macro   0x00024806      0x10b ./Middlewares/ST/STM32_USB_Device_Library/Class/DFU/Src/usbd_dfu.o
 .debug_macro   0x00024911       0x56 ./Middlewares/ST/STM32_USB_Device_Library/Class/DFU/Src/usbd_dfu.o
 .debug_macro   0x00024967      0x10a ./Middlewares/ST/STM32_USB_Device_Library/Class/DFU/Src/usbd_dfu.o
 .debug_macro   0x00024a71      0x3bf ./Middlewares/ST/STM32_USB_Device_Library/Core/Src/usbd_core.o
 .debug_macro   0x00024e30      0x1ef ./Middlewares/ST/STM32_USB_Device_Library/Core/Src/usbd_core.o
 .debug_macro   0x0002501f      0x3c9 ./Middlewares/ST/STM32_USB_Device_Library/Core/Src/usbd_ctlreq.o
 .debug_macro   0x000253e8      0x3c5 ./Middlewares/ST/STM32_USB_Device_Library/Core/Src/usbd_ioreq.o
 .debug_macro   0x000257ad      0x3ff ./USB_Device/App/usb_device.o
 .debug_macro   0x00025bac       0x22 ./USB_Device/App/usb_device.o
 .debug_macro   0x00025bce      0x3fc ./USB_Device/App/usbd_desc.o
 .debug_macro   0x00025fca       0x1c ./USB_Device/App/usbd_desc.o
 .debug_macro   0x00025fe6      0x3e4 ./USB_Device/App/usbd_dfu_flash.o
 .debug_macro   0x000263ca      0x3e2 ./USB_Device/Target/usbd_conf.o

.debug_line     0x00000000    0x223b8
 .debug_line    0x00000000     0x10fb ./Core/Src/main.o
 .debug_line    0x000010fb      0xcad ./Core/Src/stm32g4xx_hal_msp.o
 .debug_line    0x00001da8      0x9fb ./Core/Src/stm32g4xx_it.o
 .debug_line    0x000027a3      0x8e2 ./Core/Src/system_stm32g4xx.o
 .debug_line    0x00003085       0x7b ./Core/Startup/startup_stm32g473cbtx.o
 .debug_line    0x00003100      0xc9e ./Drivers/STM32G4xx_HAL_Driver/Src/stm32g4xx_hal.o
 .debug_line    0x00003d9e     0x23c7 ./Drivers/STM32G4xx_HAL_Driver/Src/stm32g4xx_hal_adc.o
 .debug_line    0x00006165     0x1d56 ./Drivers/STM32G4xx_HAL_Driver/Src/stm32g4xx_hal_adc_ex.o
 .debug_line    0x00007ebb      0xd40 ./Drivers/STM32G4xx_HAL_Driver/Src/stm32g4xx_hal_cordic.o
 .debug_line    0x00008bfb      0xe07 ./Drivers/STM32G4xx_HAL_Driver/Src/stm32g4xx_hal_cortex.o
 .debug_line    0x00009a02      0xe53 ./Drivers/STM32G4xx_HAL_Driver/Src/stm32g4xx_hal_dac.o
 .debug_line    0x0000a855      0xcb7 ./Drivers/STM32G4xx_HAL_Driver/Src/stm32g4xx_hal_gpio.o
 .debug_line    0x0000b50c      0xbb0 ./Drivers/STM32G4xx_HAL_Driver/Src/stm32g4xx_hal_opamp.o
 .debug_line    0x0000c0bc     0x14d5 ./Drivers/STM32G4xx_HAL_Driver/Src/stm32g4xx_hal_pcd.o
 .debug_line    0x0000d591      0xa0f ./Drivers/STM32G4xx_HAL_Driver/Src/stm32g4xx_hal_pcd_ex.o
 .debug_line    0x0000dfa0      0xa43 ./Drivers/STM32G4xx_HAL_Driver/Src/stm32g4xx_hal_pwr.o
 .debug_line    0x0000e9e3      0xe0d ./Drivers/STM32G4xx_HAL_Driver/Src/stm32g4xx_hal_pwr_ex.o
 .debug_line    0x0000f7f0     0x1069 ./Drivers/STM32G4xx_HAL_Driver/Src/stm32g4xx_hal_rcc.o
 .debug_line    0x00010859     0x137b ./Drivers/STM32G4xx_HAL_Driver/Src/stm32g4xx_hal_rcc_ex.o
 .debug_line    0x00011bd4     0x211e ./Drivers/STM32G4xx_HAL_Driver/Src/stm32g4xx_hal_spi.o
 .debug_line    0x00013cf2     0x4160 ./Drivers/STM32G4xx_HAL_Driver/Src/stm32g4xx_hal_tim.o
 .debug_line    0x00017e52     0x22a1 ./Drivers/STM32G4xx_HAL_Driver/Src/stm32g4xx_hal_tim_ex.o
 .debug_line    0x0001a0f3     0x1160 ./Drivers/STM32G4xx_HAL_Driver/Src/stm32g4xx_ll_usb.o
 .debug_line    0x0001b253     0x1264 ./Middlewares/ST/STM32_USB_Device_Library/Class/DFU/Src/usbd_dfu.o
 .debug_line    0x0001c4b7      0xf2e ./Middlewares/ST/STM32_USB_Device_Library/Core/Src/usbd_core.o
 .debug_line    0x0001d3e5     0x11ed ./Middlewares/ST/STM32_USB_Device_Library/Core/Src/usbd_ctlreq.o
 .debug_line    0x0001e5d2      0xb85 ./Middlewares/ST/STM32_USB_Device_Library/Core/Src/usbd_ioreq.o
 .debug_line    0x0001f157      0xb44 ./USB_Device/App/usb_device.o
 .debug_line    0x0001fc9b      0xc0a ./USB_Device/App/usbd_desc.o
 .debug_line    0x000208a5      0xb88 ./USB_Device/App/usbd_dfu_flash.o
 .debug_line    0x0002142d      0xf8b ./USB_Device/Target/usbd_conf.o

.debug_str      0x00000000    0xf5c66
 .debug_str     0x00000000    0xee660 ./Core/Src/main.o
                              0xeee5f (size before relaxing)
 .debug_str     0x000ee660      0x3c3 ./Core/Src/stm32g4xx_hal_msp.o
                              0xea832 (size before relaxing)
 .debug_str     0x000eea23      0x454 ./Core/Src/stm32g4xx_it.o
                              0xe993d (size before relaxing)
 .debug_str     0x000eee77       0xdb ./Core/Src/system_stm32g4xx.o
                              0xe8cf4 (size before relaxing)
 .debug_str     0x000eef52       0x44 ./Core/Startup/startup_stm32g473cbtx.o
                                 0x77 (size before relaxing)
 .debug_str     0x000eef96      0x5c5 ./Drivers/STM32G4xx_HAL_Driver/Src/stm32g4xx_hal.o
                              0xe997d (size before relaxing)
 .debug_str     0x000ef55b      0xb08 ./Drivers/STM32G4xx_HAL_Driver/Src/stm32g4xx_hal_adc.o
                              0xe9d21 (size before relaxing)
 .debug_str     0x000f0063      0x691 ./Drivers/STM32G4xx_HAL_Driver/Src/stm32g4xx_hal_adc_ex.o
                              0xe9cc7 (size before relaxing)
 .debug_str     0x000f06f4      0x24e ./Drivers/STM32G4xx_HAL_Driver/Src/stm32g4xx_hal_cordic.o
                              0xe919a (size before relaxing)
 .debug_str     0x000f0942      0x313 ./Drivers/STM32G4xx_HAL_Driver/Src/stm32g4xx_hal_cortex.o
                              0xe9601 (size before relaxing)
 .debug_str     0x000f0c55      0x29b ./Drivers/STM32G4xx_HAL_Driver/Src/stm32g4xx_hal_dac.o
                              0xe93c9 (size before relaxing)
 .debug_str     0x000f0ef0      0x10f ./Drivers/STM32G4xx_HAL_Driver/Src/stm32g4xx_hal_gpio.o
                              0xe8e7f (size before relaxing)
 .debug_str     0x000f0fff      0x314 ./Drivers/STM32G4xx_HAL_Driver/Src/stm32g4xx_hal_opamp.o
                              0xe91c2 (size before relaxing)
 .debug_str     0x000f1313      0x577 ./Drivers/STM32G4xx_HAL_Driver/Src/stm32g4xx_hal_pcd.o
                              0xe9470 (size before relaxing)
 .debug_str     0x000f188a      0x186 ./Drivers/STM32G4xx_HAL_Driver/Src/stm32g4xx_hal_pcd_ex.o
                              0xe90ac (size before relaxing)
 .debug_str     0x000f1a10      0x319 ./Drivers/STM32G4xx_HAL_Driver/Src/stm32g4xx_hal_pwr.o
                              0xe9064 (size before relaxing)
 .debug_str     0x000f1d29      0x3a4 ./Drivers/STM32G4xx_HAL_Driver/Src/stm32g4xx_hal_pwr_ex.o
                              0xe91e2 (size before relaxing)
 .debug_str     0x000f20cd      0x4f2 ./Drivers/STM32G4xx_HAL_Driver/Src/stm32g4xx_hal_rcc.o